Component: ARM Compiler 5.06 update 6 (build 750) Tool: armlink [4d35ed]

==============================================================================

Section Cross References

    startup_stm32f411xe.o(RESET) refers to startup_stm32f411xe.o(STACK) for __initial_sp
    startup_stm32f411xe.o(RESET) refers to startup_stm32f411xe.o(.text) for Reset_Handler
    startup_stm32f411xe.o(RESET) refers to stm32f4xx_it.o(i.NMI_Handler) for NMI_Handler
    startup_stm32f411xe.o(RESET) refers to stm32f4xx_it.o(i.HardFault_Handler) for HardFault_Handler
    startup_stm32f411xe.o(RESET) refers to stm32f4xx_it.o(i.MemManage_Handler) for MemManage_Handler
    startup_stm32f411xe.o(RESET) refers to stm32f4xx_it.o(i.BusFault_Handler) for BusFault_Handler
    startup_stm32f411xe.o(RESET) refers to stm32f4xx_it.o(i.UsageFault_Handler) for UsageFault_Handler
    startup_stm32f411xe.o(RESET) refers to stm32f4xx_it.o(i.SVC_Handler) for SVC_Handler
    startup_stm32f411xe.o(RESET) refers to stm32f4xx_it.o(i.DebugMon_Handler) for DebugMon_Handler
    startup_stm32f411xe.o(RESET) refers to stm32f4xx_it.o(i.PendSV_Handler) for PendSV_Handler
    startup_stm32f411xe.o(RESET) refers to stm32f4xx_it.o(i.SysTick_Handler) for SysTick_Handler
    startup_stm32f411xe.o(RESET) refers to stm32f4xx_it.o(i.USART2_IRQHandler) for USART2_IRQHandler
    startup_stm32f411xe.o(RESET) refers to stm32f4xx_it.o(i.USART6_IRQHandler) for USART6_IRQHandler
    startup_stm32f411xe.o(.text) refers to system_stm32f4xx.o(i.SystemInit) for SystemInit
    startup_stm32f411xe.o(.text) refers to entry.o(.ARM.Collect$$$$00000000) for __main
    cjson.o(i.add_item_to_object) refers to cjson.o(i.cJSON_strdup) for cJSON_strdup
    cjson.o(i.add_item_to_object) refers to cjson.o(i.add_item_to_array) for add_item_to_array
    cjson.o(i.cJSON_AddArrayToObject) refers to cjson.o(i.cJSON_CreateArray) for cJSON_CreateArray
    cjson.o(i.cJSON_AddArrayToObject) refers to cjson.o(i.add_item_to_object) for add_item_to_object
    cjson.o(i.cJSON_AddArrayToObject) refers to cjson.o(i.cJSON_Delete) for cJSON_Delete
    cjson.o(i.cJSON_AddArrayToObject) refers to cjson.o(.data) for .data
    cjson.o(i.cJSON_AddBoolToObject) refers to cjson.o(i.cJSON_CreateBool) for cJSON_CreateBool
    cjson.o(i.cJSON_AddBoolToObject) refers to cjson.o(i.add_item_to_object) for add_item_to_object
    cjson.o(i.cJSON_AddBoolToObject) refers to cjson.o(i.cJSON_Delete) for cJSON_Delete
    cjson.o(i.cJSON_AddBoolToObject) refers to cjson.o(.data) for .data
    cjson.o(i.cJSON_AddFalseToObject) refers to cjson.o(i.cJSON_CreateFalse) for cJSON_CreateFalse
    cjson.o(i.cJSON_AddFalseToObject) refers to cjson.o(i.add_item_to_object) for add_item_to_object
    cjson.o(i.cJSON_AddFalseToObject) refers to cjson.o(i.cJSON_Delete) for cJSON_Delete
    cjson.o(i.cJSON_AddFalseToObject) refers to cjson.o(.data) for .data
    cjson.o(i.cJSON_AddItemReferenceToArray) refers to cjson.o(i.create_reference) for create_reference
    cjson.o(i.cJSON_AddItemReferenceToArray) refers to cjson.o(i.add_item_to_array) for add_item_to_array
    cjson.o(i.cJSON_AddItemReferenceToArray) refers to cjson.o(.data) for .data
    cjson.o(i.cJSON_AddItemReferenceToObject) refers to cjson.o(i.create_reference) for create_reference
    cjson.o(i.cJSON_AddItemReferenceToObject) refers to cjson.o(i.add_item_to_object) for add_item_to_object
    cjson.o(i.cJSON_AddItemReferenceToObject) refers to cjson.o(.data) for .data
    cjson.o(i.cJSON_AddItemToArray) refers to cjson.o(i.add_item_to_array) for add_item_to_array
    cjson.o(i.cJSON_AddItemToObject) refers to cjson.o(i.add_item_to_object) for add_item_to_object
    cjson.o(i.cJSON_AddItemToObject) refers to cjson.o(.data) for .data
    cjson.o(i.cJSON_AddItemToObjectCS) refers to cjson.o(i.add_item_to_object) for add_item_to_object
    cjson.o(i.cJSON_AddItemToObjectCS) refers to cjson.o(.data) for .data
    cjson.o(i.cJSON_AddNullToObject) refers to cjson.o(i.cJSON_CreateNull) for cJSON_CreateNull
    cjson.o(i.cJSON_AddNullToObject) refers to cjson.o(i.add_item_to_object) for add_item_to_object
    cjson.o(i.cJSON_AddNullToObject) refers to cjson.o(i.cJSON_Delete) for cJSON_Delete
    cjson.o(i.cJSON_AddNullToObject) refers to cjson.o(.data) for .data
    cjson.o(i.cJSON_AddNumberToObject) refers to cjson.o(i.cJSON_CreateNumber) for cJSON_CreateNumber
    cjson.o(i.cJSON_AddNumberToObject) refers to cjson.o(i.add_item_to_object) for add_item_to_object
    cjson.o(i.cJSON_AddNumberToObject) refers to cjson.o(i.cJSON_Delete) for cJSON_Delete
    cjson.o(i.cJSON_AddNumberToObject) refers to cjson.o(.data) for .data
    cjson.o(i.cJSON_AddObjectToObject) refers to cjson.o(i.cJSON_CreateObject) for cJSON_CreateObject
    cjson.o(i.cJSON_AddObjectToObject) refers to cjson.o(i.add_item_to_object) for add_item_to_object
    cjson.o(i.cJSON_AddObjectToObject) refers to cjson.o(i.cJSON_Delete) for cJSON_Delete
    cjson.o(i.cJSON_AddObjectToObject) refers to cjson.o(.data) for .data
[...]
    ../clib/microlib/ctype/ctype.c           0x00000000   Number         0  isspace_o.o ABSOLUTE
    ../clib/microlib/ctype/ctype.c           0x00000000   Number         0  isspace_c.o ABSOLUTE
    ../clib/microlib/ctype/ctype.c           0x00000000   Number         0  iscntrl_o.o ABSOLUTE
    ../clib/microlib/ctype/ctype.c           0x00000000   Number         0  ctype_o.o ABSOLUTE
    ../clib/microlib/ctype/ctype.c           0x00000000   Number         0  isalnum_o.o ABSOLUTE
    ../clib/microlib/ctype/ctype.c           0x00000000   Number         0  ctype_c.o ABSOLUTE
    ../clib/microlib/ctype/ctype.c           0x00000000   Number         0  isalpha_o.o ABSOLUTE
    ../clib/microlib/ctype/ctype.c           0x00000000   Number         0  isblank_o.o ABSOLUTE
    ../clib/microlib/ctype/ctype.c           0x00000000   Number         0  isxdigit_o.o ABSOLUTE
    ../clib/microlib/ctype/ctype.c           0x00000000   Number         0  isupper_o.o ABSOLUTE
    ../clib/microlib/ctype/tolower.c         0x00000000   Number         0  tolower.o ABSOLUTE
    ../clib/microlib/division.c              0x00000000   Number         0  uldiv.o ABSOLUTE
    ../clib/microlib/division.c              0x00000000   Number         0  uidiv.o ABSOLUTE
    ../clib/microlib/errno.c                 0x00000000   Number         0  errno.o ABSOLUTE
    ../clib/microlib/init/entry.s            0x00000000   Number         0  entry11a.o ABSOLUTE
    ../clib/microlib/init/entry.s            0x00000000   Number         0  entry10b.o ABSOLUTE
    ../clib/microlib/init/entry.s            0x00000000   Number         0  entry10a.o ABSOLUTE
    ../clib/microlib/init/entry.s            0x00000000   Number         0  entry9b.o ABSOLUTE
    ../clib/microlib/init/entry.s            0x00000000   Number         0  entry7b.o ABSOLUTE
    ../clib/microlib/init/entry.s            0x00000000   Number         0  entry8b.o ABSOLUTE
    ../clib/microlib/init/entry.s            0x00000000   Number         0  entry8a.o ABSOLUTE
    ../clib/microlib/init/entry.s            0x00000000   Number         0  entry2.o ABSOLUTE
    ../clib/microlib/init/entry.s            0x00000000   Number         0  entry5.o ABSOLUTE
    ../clib/microlib/init/entry.s            0x00000000   Number         0  entry7a.o ABSOLUTE
    ../clib/microlib/init/entry.s            0x00000000   Number         0  entry11b.o ABSOLUTE
    ../clib/microlib/init/entry.s            0x00000000   Number         0  entry.o ABSOLUTE
    ../clib/microlib/init/entry.s            0x00000000   Number         0  entry9a.o ABSOLUTE
    ../clib/microlib/longlong.c              0x00000000   Number         0  llshl.o ABSOLUTE
    ../clib/microlib/longlong.c              0x00000000   Number         0  llushr.o ABSOLUTE
    ../clib/microlib/longlong.c              0x00000000   Number         0  llsshr.o ABSOLUTE
    ../clib/microlib/malloc/malloc.c         0x00000000   Number         0  mallocr.o ABSOLUTE
    ../clib/microlib/malloc/malloc.c         0x00000000   Number         0  malloc.o ABSOLUTE
    ../clib/microlib/malloc/malloc.c         0x00000000   Number         0  mallocra.o ABSOLUTE
    ../clib/microlib/malloc/malloc.c         0x00000000   Number         0  malloca.o ABSOLUTE
    ../clib/microlib/malloc/mvars.c          0x00000000   Number         0  mvars.o ABSOLUTE
    ../clib/microlib/printf/printf.c         0x00000000   Number         0  printfa.o ABSOLUTE
    ../clib/microlib/printf/printf.c         0x00000000   Number         0  printf8.o ABSOLUTE
    ../clib/microlib/printf/printf.c         0x00000000   Number         0  printf7.o ABSOLUTE
    ../clib/microlib/printf/printf.c         0x00000000   Number         0  printf6.o ABSOLUTE
    ../clib/microlib/printf/printf.c         0x00000000   Number         0  printf5.o ABSOLUTE
    ../clib/microlib/printf/printf.c         0x00000000   Number         0  printf4.o ABSOLUTE
    ../clib/microlib/printf/printf.c         0x00000000   Number         0  printf3.o ABSOLUTE
    ../clib/microlib/printf/printf.c         0x00000000   Number         0  printf2.o ABSOLUTE
    ../clib/microlib/printf/printf.c         0x00000000   Number         0  printf1.o ABSOLUTE
    ../clib/microlib/printf/printf.c         0x00000000   Number         0  printfb.o ABSOLUTE
    ../clib/microlib/printf/printf.c         0x00000000   Number         0  printf0.o ABSOLUTE
    ../clib/microlib/printf/stubs.s          0x00000000   Number         0  stubs.o ABSOLUTE
    ../clib/microlib/stdio/streams.c         0x00000000   Number         0  stdout.o ABSOLUTE
    ../clib/microlib/stdlib/rand.c           0x00000000   Number         0  rand.o ABSOLUTE
    ../clib/microlib/string/memcpy.c         0x00000000   Number         0  memcpya.o ABSOLUTE
    ../clib/microlib/string/memcpy.c         0x00000000   Number         0  memcpyb.o ABSOLUTE
    ../clib/microlib/string/memset.c         0x00000000   Number         0  memseta.o ABSOLUTE
    ../clib/microlib/string/strcat.c         0x00000000   Number         0  strcat.o ABSOLUTE
    ../clib/microlib/string/strcmp.c         0x00000000   Number         0  strcmp.o ABSOLUTE
    ../clib/microlib/string/strcpy.c         0x00000000   Number         0  strcpy.o ABSOLUTE
    ../clib/microlib/string/strlen.c         0x00000000   Number         0  strlen.o ABSOLUTE
    ../clib/microlib/string/strncmp.c        0x00000000   Number         0  strncmp.o ABSOLUTE
    ../clib/microlib/string/strstr.c         0x00000000   Number         0  strstr.o ABSOLUTE
    ../clib/microlib/string/strtok.c         0x00000000   Number         0  strtok_r.o ABSOLUTE
    ../clib/microlib/string/strtok.c         0x00000000   Number         0  strtok.o ABSOLUTE
    ../clib/microlib/stubs.s                 0x00000000   Number         0  iusefp.o ABSOLUTE
    ../clib/scanf.c                          0x00000000   Number         0  strtol.o ABSOLUTE
    ../clib/scanf.c                          0x00000000   Number         0  strtod.o ABSOLUTE
    ../clib/scanf.c                          0x00000000   Number         0  _sgetc.o ABSOLUTE
    ../clib/scanf.c                          0x00000000   Number         0  _chval.o ABSOLUTE
    ../clib/scanf.c                          0x00000000   Number         0  scanf_fp.o ABSOLUTE
    ../clib/scanf.c                          0x00000000   Number         0  __0sscanf.o ABSOLUTE
    ../clib/scanf.c                          0x00000000   Number         0  _scanf.o ABSOLUTE
    ../clib/scanf.c                          0x00000000   Number         0  scanf_char.o ABSOLUTE
    ../clib/scanf.c                          0x00000000   Number         0  atoi.o ABSOLUTE
    ../clib/scanf.c                          0x00000000   Number         0  _strtoul.o ABSOLUTE
    ../fplib/microlib/d2f.c                  0x00000000   Number         0  d2f.o ABSOLUTE
    ../fplib/microlib/f2d.c                  0x00000000   Number         0  f2d.o ABSOLUTE
    ../fplib/microlib/fpadd.c                0x00000000   Number         0  dadd.o ABSOLUTE
    ../fplib/microlib/fpdiv.c                0x00000000   Number         0  ddiv.o ABSOLUTE
    ../fplib/microlib/fpepilogue.c           0x00000000   Number         0  fepilogue.o ABSOLUTE
    ../fplib/microlib/fpepilogue.c           0x00000000   Number         0  depilogue.o ABSOLUTE
    ../fplib/microlib/fpfix.c                0x00000000   Number         0  dfixui.o ABSOLUTE
    ../fplib/microlib/fpfix.c                0x00000000   Number         0  dfixi.o ABSOLUTE
    ../fplib/microlib/fpfix.c                0x00000000   Number         0  dfixul.o ABSOLUTE
    ../fplib/microlib/fpflt.c                0x00000000   Number         0  dflti.o ABSOLUTE
    ../fplib/microlib/fpflt.c                0x00000000   Number         0  dfltul.o ABSOLUTE
    ../fplib/microlib/fpmul.c                0x00000000   Number         0  dmul.o ABSOLUTE
    ../mathlib/fabs.c                        0x00000000   Number         0  fabs.o ABSOLUTE
    ../mathlib/strtod.c                      0x00000000   Number         0  strtod.o ABSOLUTE
    ..\Core\Src\main.c                       0x00000000   Number         0  main.o ABSOLUTE
    ..\Core\Src\stm32f4xx_hal_msp.c          0x00000000   Number         0  stm32f4xx_hal_msp.o ABSOLUTE
    ..\Core\Src\stm32f4xx_it.c               0x00000000   Number         0  stm32f4xx_it.o ABSOLUTE
    ..\Core\Src\system_stm32f4xx.c           0x00000000   Number         0  system_stm32f4xx.o ABSOLUTE
    ..\Drivers\STM32F4xx_HAL_Driver\Src\stm32f4xx_hal.c 0x00000000   Number         0  stm32f4xx_hal.o ABSOLUTE
    ..\Drivers\STM32F4xx_HAL_Driver\Src\stm32f4xx_hal_cortex.c 0x00000000   Number         0  stm32f4xx_hal_cortex.o ABSOLUTE
    ..\Drivers\STM32F4xx_HAL_Driver\Src\stm32f4xx_hal_dma.c 0x00000000   Number         0  stm32f4xx_hal_dma.o ABSOLUTE
    ..\Drivers\STM32F4xx_HAL_Driver\Src\stm32f4xx_hal_dma_ex.c 0x00000000   Number         0  stm32f4xx_hal_dma_ex.o ABSOLUTE
    ..\Drivers\STM32F4xx_HAL_Driver\Src\stm32f4xx_hal_exti.c 0x00000000   Number         0  stm32f4xx_hal_exti.o ABSOLUTE
    ..\Drivers\STM32F4xx_HAL_Driver\Src\stm32f4xx_hal_flash.c 0x00000000   Number         0  stm32f4xx_hal_flash.o ABSOLUTE
    ..\Drivers\STM32F4xx_HAL_Driver\Src\stm32f4xx_hal_flash_ex.c 0x00000000   Number         0  stm32f4xx_hal_flash_ex.o ABSOLUTE
    ..\Drivers\STM32F4xx_HAL_Driver\Src\stm32f4xx_hal_flash_ramfunc.c 0x00000000   Number         0  stm32f4xx_hal_flash_ramfunc.o ABSOLUTE
    ..\Drivers\STM32F4xx_HAL_Driver\Src\stm32f4xx_hal_gpio.c 0x00000000   Number         0  stm32f4xx_hal_gpio.o ABSOLUTE
    ..\Drivers\STM32F4xx_HAL_Driver\Src\stm32f4xx_hal_pwr.c 0x00000000   Number         0  stm32f4xx_hal_pwr.o ABSOLUTE
    ..\Drivers\STM32F4xx_HAL_Driver\Src\stm32f4xx_hal_pwr_ex.c 0x00000000   Number         0  stm32f4xx_hal_pwr_ex.o ABSOLUTE
    ..\Drivers\STM32F4xx_HAL_Driver\Src\stm32f4xx_hal_rcc.c 0x00000000   Number         0  stm32f4xx_hal_rcc.o ABSOLUTE
    ..\Drivers\STM32F4xx_HAL_Driver\Src\stm32f4xx_hal_rcc_ex.c 0x00000000   Number         0  stm32f4xx_hal_rcc_ex.o ABSOLUTE
    ..\Drivers\STM32F4xx_HAL_Driver\Src\stm32f4xx_hal_tim.c 0x00000000   Number         0  stm32f4xx_hal_tim.o ABSOLUTE
    ..\Drivers\STM32F4xx_HAL_Driver\Src\stm32f4xx_hal_tim_ex.c 0x00000000   Number         0  stm32f4xx_hal_tim_ex.o ABSOLUTE
    ..\Drivers\STM32F4xx_HAL_Driver\Src\stm32f4xx_hal_uart.c 0x00000000   Number         0  stm32f4xx_hal_uart.o ABSOLUTE
    ..\cJSON\cJSON.c                         0x00000000   Number         0  cjson.o ABSOLUTE
    cdcmple.s                                0x00000000   Number         0  cdcmple.o ABSOLUTE
    cdrcmple.s                               0x00000000   Number         0  cdrcmple.o ABSOLUTE
    dc.s                                     0x00000000   Number         0  dc.o ABSOLUTE
    handlers.s                               0x00000000   Number         0  handlers.o ABSOLUTE
    init.s                                   0x00000000   Number         0  init.o ABSOLUTE
    startup_stm32f411xe.s                    0x00000000   Number         0  startup_stm32f411xe.o ABSOLUTE
    RESET                                    0x08000000   Section      408  startup_stm32f411xe.o(RESET)
    .ARM.Collect$$$$00000000                 0x08000198   Section        0  entry.o(.ARM.Collect$$$$00000000)
    .ARM.Collect$$$$00000001                 0x08000198   Section        4  entry2.o(.ARM.Collect$$$$00000001)
    .ARM.Collect$$$$00000004                 0x0800019c   Section        4  entry5.o(.ARM.Collect$$$$00000004)
    .ARM.Collect$$$$00000008                 0x080001a0   Section        0  entry7b.o(.ARM.Collect$$$$00000008)
    .ARM.Collect$$$$0000000A                 0x080001a0   Section        0  entry8b.o(.ARM.Collect$$$$0000000A)
    .ARM.Collect$$$$0000000B                 0x080001a0   Section        8  entry9a.o(.ARM.Collect$$$$0000000B)
    .ARM.Collect$$$$0000000D                 0x080001a8   Section        0  entry10a.o(.ARM.Collect$$$$0000000D)
    .ARM.Collect$$$$0000000F                 0x080001a8   Section        0  entry11a.o(.ARM.Collect$$$$0000000F)
    .ARM.Collect$$$$00002712                 0x080001a8   Section        4  entry2.o(.ARM.Collect$$$$00002712)
    __lit__00000000                          0x080001a8   Data           4  entry2.o(.ARM.Collect$$$$00002712)
    .text                                    0x080001ac   Section       36  startup_stm32f411xe.o(.text)
    $v0                                      0x080001ac   Number         0  startup_stm32f411xe.o(.text)
    .text                                    0x080001d0   Section        0  uldiv.o(.text)
    .text                                    0x08000232   Section        0  tolower.o(.text)
    .text                                    0x08000240   Section        0  rand.o(.text)
    .text                                    0x08000264   Section        0  memcpya.o(.text)
    .text                                    0x08000288   Section        0  memseta.o(.text)
    .text                                    0x080002ac   Section        0  strcat.o(.text)
    .text                                    0x080002c4   Section        0  strstr.o(.text)
    .text                                    0x080002e8   Section        0  strlen.o(.text)
    .text                                    0x080002f6   Section        0  strcmp.o(.text)
    .text                                    0x08000312   Section        0  strncmp.o(.text)
    .text                                    0x08000330   Section        0  strtok.o(.text)
    .text                                    0x08000374   Section        0  scanf_fp.o(.text)
    _fp_value                                0x08000375   Thumb Code   296  scanf_fp.o(.text)
    .text                                    0x080006d4   Section        0  atoi.o(.text)
    .text                                    0x080006ee   Section        0  dadd.o(.text)
    .text                                    0x0800083c   Section        0  dmul.o(.text)
    .text                                    0x08000920   Section        0  dfixi.o(.text)
    .text                                    0x0800095e   Section        0  dfixui.o(.text)
    .text                                    0x08000990   Section        0  f2d.o(.text)
    .text                                    0x080009b8   Section       48  cdcmple.o(.text)
    .text                                    0x080009e8   Section       48  cdrcmple.o(.text)
    .text                                    0x08000a18   Section        0  uidiv.o(.text)
    .text                                    0x08000a44   Section        0  llshl.o(.text)
    .text                                    0x08000a62   Section        0  llushr.o(.text)
    .text                                    0x08000a82   Section        0  llsshr.o(.text)
    .text                                    0x08000aa6   Section        0  _sgetc.o(.text)
    .text                                    0x08000ae8   Section        0  strtod.o(.text)
    _local_sscanf                            0x08000ae9   Thumb Code    54  strtod.o(.text)
    .text                                    0x08000b84   Section        0  strtol.o(.text)
    .text                                    0x08000bf4   Section        0  iusefp.o(.text)
    .text                                    0x08000bf4   Section        0  depilogue.o(.text)
    .text                                    0x08000cae   Section        0  ddiv.o(.text)
    .text                                    0x08000d8c   Section        0  dfltul.o(.text)
    .text                                    0x08000da4   Section        0  dfixul.o(.text)
    .text                                    0x08000dd4   Section        0  d2f.o(.text)
    .text                                    0x08000e0c   Section       36  init.o(.text)
    .text                                    0x08000e30   Section        0  ctype_o.o(.text)
    .text                                    0x08000e38   Section        0  isspace_o.o(.text)
    .text                                    0x08000e4a   Section        0  _strtoul.o(.text)
    .text                                    0x08000ee8   Section        0  fepilogue.o(.text)
    .text                                    0x08000f56   Section        0  _chval.o(.text)
    i.BusFault_Handler                       0x08000f72   Section        0  stm32f4xx_it.o(i.BusFault_Handler)
    i.ConnectMQTT                            0x08000f74   Section        0  main.o(i.ConnectMQTT)
    i.DebugMon_Handler                       0x08001134   Section        0  stm32f4xx_it.o(i.DebugMon_Handler)
    i.HAL_DMA_Abort                          0x08001136   Section        0  stm32f4xx_hal_dma.o(i.HAL_DMA_Abort)
    i.HAL_DMA_Abort_IT                       0x080011c8   Section        0  stm32f4xx_hal_dma.o(i.HAL_DMA_Abort_IT)
    i.HAL_Delay                              0x080011ec   Section        0  stm32f4xx_hal.o(i.HAL_Delay)
    i.HAL_GPIO_Init                          0x08001210   Section        0  stm32f4xx_hal_gpio.o(i.HAL_GPIO_Init)
    i.HAL_GPIO_ReadPin                       0x080013f0   Section        0  stm32f4xx_hal_gpio.o(i.HAL_GPIO_ReadPin)
    i.HAL_GPIO_WritePin                      0x080013fa   Section        0  stm32f4xx_hal_gpio.o(i.HAL_GPIO_WritePin)
    i.HAL_GetTick                            0x08001404   Section        0  stm32f4xx_hal.o(i.HAL_GetTick)
    i.HAL_IncTick                            0x08001410   Section        0  stm32f4xx_hal.o(i.HAL_IncTick)
    i.HAL_Init                               0x08001420   Section        0  stm32f4xx_hal.o(i.HAL_Init)
    i.HAL_InitTick                           0x08001454   Section        0  stm32f4xx_hal.o(i.HAL_InitTick)
    i.HAL_MspInit                            0x08001494   Section        0  stm32f4xx_hal_msp.o(i.HAL_MspInit)
    i.HAL_NVIC_EnableIRQ                     0x080014c4   Section        0  stm32f4xx_hal_cortex.o(i.HAL_NVIC_EnableIRQ)
    i.HAL_NVIC_SetPriority                   0x080014e0   Section        0  stm32f4xx_hal_cortex.o(i.HAL_NVIC_SetPriority)
    i.HAL_NVIC_SetPriorityGrouping           0x08001520   Section        0  stm32f4xx_hal_cortex.o(i.HAL_NVIC_SetPriorityGrouping)
    i.HAL_RCC_ClockConfig                    0x08001544   Section        0  stm32f4xx_hal_rcc.o(i.HAL_RCC_ClockConfig)
    i.HAL_RCC_GetPCLK1Freq                   0x08001678   Section        0  stm32f4xx_hal_rcc.o(i.HAL_RCC_GetPCLK1Freq)
    i.HAL_RCC_GetPCLK2Freq                   0x08001698   Section        0  stm32f4xx_hal_rcc.o(i.HAL_RCC_GetPCLK2Freq)
    i.HAL_RCC_GetSysClockFreq                0x080016b8   Section        0  stm32f4xx_hal_rcc.o(i.HAL_RCC_GetSysClockFreq)
    i.HAL_RCC_OscConfig                      0x08001718   Section        0  stm32f4xx_hal_rcc.o(i.HAL_RCC_OscConfig)
    i.HAL_SYSTICK_Config                     0x08001a84   Section        0  stm32f4xx_hal_cortex.o(i.HAL_SYSTICK_Config)
    i.HAL_TIM_Base_Init                      0x08001aac   Section        0  stm32f4xx_hal_tim.o(i.HAL_TIM_Base_Init)
    i.HAL_TIM_Base_MspInit                   0x08001b08   Section        0  stm32f4xx_hal_msp.o(i.HAL_TIM_Base_MspInit)
    i.HAL_TIM_Base_Start                     0x08001b30   Section        0  stm32f4xx_hal_tim.o(i.HAL_TIM_Base_Start)
    i.HAL_TIM_ConfigClockSource              0x08001b94   Section        0  stm32f4xx_hal_tim.o(i.HAL_TIM_ConfigClockSource)
    i.HAL_UARTEx_RxEventCallback             0x08001c70   Section        0  stm32f4xx_hal_uart.o(i.HAL_UARTEx_RxEventCallback)
    i.HAL_UART_ErrorCallback                 0x08001c72   Section        0  stm32f4xx_hal_uart.o(i.HAL_UART_ErrorCallback)
    i.HAL_UART_IRQHandler                    0x08001c74   Section        0  stm32f4xx_hal_uart.o(i.HAL_UART_IRQHandler)
    i.HAL_UART_Init                          0x08001edc   Section        0  stm32f4xx_hal_uart.o(i.HAL_UART_Init)
    i.HAL_UART_MspInit                       0x08001f40   Section        0  stm32f4xx_hal_msp.o(i.HAL_UART_MspInit)
    i.HAL_UART_Receive_IT                    0x08002010   Section        0  stm32f4xx_hal_uart.o(i.HAL_UART_Receive_IT)
    i.HAL_UART_RxCpltCallback                0x0800203c   Section        0  main.o(i.HAL_UART_RxCpltCallback)
    i.HAL_UART_Transmit                      0x08002080   Section        0  stm32f4xx_hal_uart.o(i.HAL_UART_Transmit)
    i.HAL_UART_TxCpltCallback                0x08002132   Section        0  stm32f4xx_hal_uart.o(i.HAL_UART_TxCpltCallback)
    i.HardFault_Handler                      0x08002134   Section        0  stm32f4xx_it.o(i.HardFault_Handler)
    i.MX_GPIO_Init                           0x08002138   Section        0  main.o(i.MX_GPIO_Init)
    MX_GPIO_Init                             0x08002139   Thumb Code   170  main.o(i.MX_GPIO_Init)
    i.MX_TIM9_Init                           0x080021f0   Section        0  main.o(i.MX_TIM9_Init)
    MX_TIM9_Init                             0x080021f1   Thumb Code    68  main.o(i.MX_TIM9_Init)
    i.MemManage_Handler                      0x0800223c   Section        0  stm32f4xx_it.o(i.MemManage_Handler)
    i.NMI_Handler                            0x0800223e   Section        0  stm32f4xx_it.o(i.NMI_Handler)
    i.ParseJson                              0x08002240   Section        0  main.o(i.ParseJson)
    i.PendSV_Handler                         0x08002358   Section        0  stm32f4xx_it.o(i.PendSV_Handler)
    i.Received_AT_Commands_ESP               0x0800235c   Section        0  main.o(i.Received_AT_Commands_ESP)
    i.Received_AT_Commands_ESP_MessagerMQTT  0x08002374   Section        0  main.o(i.Received_AT_Commands_ESP_MessagerMQTT)
    i.SVC_Handler                            0x08002498   Section        0  stm32f4xx_it.o(i.SVC_Handler)
    i.SendData                               0x0800249c   Section        0  main.o(i.SendData)
    i.SendMQTT                               0x080026d8   Section        0  main.o(i.SendMQTT)
    i.Send_AT_Commands_ConnectMQTT           0x08002714   Section        0  main.o(i.Send_AT_Commands_ConnectMQTT)
    i.Send_AT_Commands_SendMessager          0x0800286c   Section        0  main.o(i.Send_AT_Commands_SendMessager)
    i.Send_AT_Commands_Setting               0x080029c4   Section        0  main.o(i.Send_AT_Commands_Setting)
    i.SettingESP                             0x08002ad4   Section        0  main.o(i.SettingESP)
    i.SysTick_Handler                        0x08002bd0   Section        0  stm32f4xx_it.o(i.SysTick_Handler)
    i.SystemClock_Config                     0x08002bd4   Section        0  main.o(i.SystemClock_Config)
    i.SystemInit                             0x08002c64   Section        0  system_stm32f4xx.o(i.SystemInit)
    i.TIM_Base_SetConfig                     0x08002c74   Section        0  stm32f4xx_hal_tim.o(i.TIM_Base_SetConfig)
    i.TIM_ETR_SetConfig                      0x08002d0c   Section        0  stm32f4xx_hal_tim.o(i.TIM_ETR_SetConfig)
    i.TIM_ITRx_SetConfig                     0x08002d20   Section        0  stm32f4xx_hal_tim.o(i.TIM_ITRx_SetConfig)
    TIM_ITRx_SetConfig                       0x08002d21   Thumb Code    16  stm32f4xx_hal_tim.o(i.TIM_ITRx_SetConfig)
    i.TIM_TI1_ConfigInputStage               0x08002d30   Section        0  stm32f4xx_hal_tim.o(i.TIM_TI1_ConfigInputStage)
    TIM_TI1_ConfigInputStage                 0x08002d31   Thumb Code    34  stm32f4xx_hal_tim.o(i.TIM_TI1_ConfigInputStage)
    i.TIM_TI2_ConfigInputStage               0x08002d52   Section        0  stm32f4xx_hal_tim.o(i.TIM_TI2_ConfigInputStage)
    TIM_TI2_ConfigInputStage                 0x08002d53   Thumb Code    36  stm32f4xx_hal_tim.o(i.TIM_TI2_ConfigInputStage)
    i.TinhTong                               0x08002d78   Section        0  main.o(i.TinhTong)
    i.UART_DMAAbortOnError                   0x08002d90   Section        0  stm32f4xx_hal_uart.o(i.UART_DMAAbortOnError)
    UART_DMAAbortOnError                     0x08002d91   Thumb Code    16  stm32f4xx_hal_uart.o(i.UART_DMAAbortOnError)
    i.UART_EndRxTransfer                     0x08002da0   Section        0  stm32f4xx_hal_uart.o(i.UART_EndRxTransfer)
    UART_EndRxTransfer                       0x08002da1   Thumb Code    78  stm32f4xx_hal_uart.o(i.UART_EndRxTransfer)
    i.UART_Receive_IT                        0x08002dee   Section        0  stm32f4xx_hal_uart.o(i.UART_Receive_IT)
    UART_Receive_IT                          0x08002def   Thumb Code   192  stm32f4xx_hal_uart.o(i.UART_Receive_IT)
    i.UART_SetConfig                         0x08002eb0   Section        0  stm32f4xx_hal_uart.o(i.UART_SetConfig)
    UART_SetConfig                           0x08002eb1   Thumb Code   258  stm32f4xx_hal_uart.o(i.UART_SetConfig)
    i.UART_Start_Receive_IT                  0x08002fbc   Section        0  stm32f4xx_hal_uart.o(i.UART_Start_Receive_IT)
    i.UART_WaitOnFlagUntilTimeout            0x08002ff2   Section        0  stm32f4xx_hal_uart.o(i.UART_WaitOnFlagUntilTimeout)
    UART_WaitOnFlagUntilTimeout              0x08002ff3   Thumb Code   120  stm32f4xx_hal_uart.o(i.UART_WaitOnFlagUntilTimeout)
    i.USART2_IRQHandler                      0x0800306c   Section        0  stm32f4xx_it.o(i.USART2_IRQHandler)
    i.USART6_IRQHandler                      0x08003078   Section        0  stm32f4xx_it.o(i.USART6_IRQHandler)
    i.UsageFault_Handler                     0x08003084   Section        0  stm32f4xx_it.o(i.UsageFault_Handler)
    i.__0printf                              0x08003088   Section        0  printfa.o(i.__0printf)
    i.__0snprintf                            0x080030a8   Section        0  printfa.o(i.__0snprintf)
    i.__0sprintf                             0x080030d8   Section        0  printfa.o(i.__0sprintf)
    i.__NVIC_SetPriority                     0x08003100   Section        0  stm32f4xx_hal_cortex.o(i.__NVIC_SetPriority)
    __NVIC_SetPriority                       0x08003101   Thumb Code    32  stm32f4xx_hal_cortex.o(i.__NVIC_SetPriority)
    i.__aeabi_errno_addr                     0x08003120   Section        0  errno.o(i.__aeabi_errno_addr)
    i.__free$realloc                         0x08003128   Section        0  mallocr.o(i.__free$realloc)
    i.__hardfp_strtod                        0x08003188   Section        0  strtod.o(i.__hardfp_strtod)
    i.__malloc$realloc                       0x080031b0   Section        0  mallocr.o(i.__malloc$realloc)
    i.__scatterload_copy                     0x08003200   Section       14  handlers.o(i.__scatterload_copy)
    i.__scatterload_null                     0x0800320e   Section        2  handlers.o(i.__scatterload_null)
    i.__scatterload_zeroinit                 0x08003210   Section       14  handlers.o(i.__scatterload_zeroinit)
    i._fp_digits                             0x08003220   Section        0  printfa.o(i._fp_digits)
    _fp_digits                               0x08003221   Thumb Code   366  printfa.o(i._fp_digits)
    i._is_digit                              0x080033a4   Section        0  scanf_fp.o(i._is_digit)
    i._printf_core                           0x080033b4   Section        0  printfa.o(i._printf_core)
    _printf_core                             0x080033b5   Thumb Code  1744  printfa.o(i._printf_core)
    i._printf_post_padding                   0x08003a90   Section        0  printfa.o(i._printf_post_padding)
    _printf_post_padding                     0x08003a91   Thumb Code    36  printfa.o(i._printf_post_padding)
    i._printf_pre_padding                    0x08003ab4   Section        0  printfa.o(i._printf_pre_padding)
    _printf_pre_padding                      0x08003ab5   Thumb Code    46  printfa.o(i._printf_pre_padding)
    i._snputc                                0x08003ae2   Section        0  printfa.o(i._snputc)
    _snputc                                  0x08003ae3   Thumb Code    22  printfa.o(i._snputc)
    i._sputc                                 0x08003af8   Section        0  printfa.o(i._sputc)
    _sputc                                   0x08003af9   Thumb Code    10  printfa.o(i._sputc)
    i.buffer_skip_whitespace                 0x08003b02   Section        0  cjson.o(i.buffer_skip_whitespace)
    buffer_skip_whitespace                   0x08003b03   Thumb Code    48  cjson.o(i.buffer_skip_whitespace)
    i.cJSON_Delete                           0x08003b34   Section        0  cjson.o(i.cJSON_Delete)
    i.cJSON_GetObjectItem                    0x08003b7c   Section        0  cjson.o(i.cJSON_GetObjectItem)
    i.cJSON_New_Item                         0x08003b82   Section        0  cjson.o(i.cJSON_New_Item)
    cJSON_New_Item                           0x08003b83   Thumb Code    22  cjson.o(i.cJSON_New_Item)
    i.cJSON_Parse                            0x08003b98   Section        0  cjson.o(i.cJSON_Parse)
    i.cJSON_ParseWithLengthOpts              0x08003ba0   Section        0  cjson.o(i.cJSON_ParseWithLengthOpts)
    i.cJSON_ParseWithOpts                    0x08003c7c   Section        0  cjson.o(i.cJSON_ParseWithOpts)
    i.chuongtrinhcambien                     0x08003ca0   Section        0  main.o(i.chuongtrinhcambien)
    i.clearResponse                          0x08003d54   Section        0  main.o(i.clearResponse)
    i.clearbuffer_UART_ESP                   0x08003d74   Section        0  main.o(i.clearbuffer_UART_ESP)
    i.delay_us                               0x08003d94   Section        0  main.o(i.delay_us)
    i.dieukhienden                           0x08003dac   Section        0  main.o(i.dieukhienden)
    i.fputc                                  0x08003dc8   Section        0  main.o(i.fputc)
    i.get_object_item                        0x08003de0   Section        0  cjson.o(i.get_object_item)
    get_object_item                          0x08003de1   Thumb Code   122  cjson.o(i.get_object_item)
    i.internal_alloc                         0x08003e5c   Section        0  mallocr.o(i.internal_alloc)
    internal_alloc                           0x08003e5d   Thumb Code    76  mallocr.o(i.internal_alloc)
    i.main                                   0x08003eac   Section        0  main.o(i.main)
    i.parse_array                            0x08004004   Section        0  cjson.o(i.parse_array)
    parse_array                              0x08004005   Thumb Code   208  cjson.o(i.parse_array)
    i.parse_hex4                             0x080040d4   Section        0  cjson.o(i.parse_hex4)
    parse_hex4                               0x080040d5   Thumb Code    64  cjson.o(i.parse_hex4)
    i.parse_number                           0x08004114   Section        0  cjson.o(i.parse_number)
    parse_number                             0x08004115   Thumb Code   240  cjson.o(i.parse_number)
    i.parse_object                           0x08004214   Section        0  cjson.o(i.parse_object)
    parse_object                             0x08004215   Thumb Code   266  cjson.o(i.parse_object)
    i.parse_string                           0x0800431e   Section        0  cjson.o(i.parse_string)
    parse_string                             0x0800431f   Thumb Code   268  cjson.o(i.parse_string)
    i.parse_value                            0x0800442c   Section        0  cjson.o(i.parse_value)
    parse_value                              0x0800442d   Thumb Code   226  cjson.o(i.parse_value)
    i.realloc                                0x08004528   Section        0  mallocr.o(i.realloc)
    i.utf16_literal_to_utf8                  0x08004594   Section        0  cjson.o(i.utf16_literal_to_utf8)
    utf16_literal_to_utf8                    0x08004595   Thumb Code   210  cjson.o(i.utf16_literal_to_utf8)
    .constdata                               0x08004666   Section       16  system_stm32f4xx.o(.constdata)
    .constdata                               0x08004676   Section        8  system_stm32f4xx.o(.constdata)
    .constdata                               0x0800467e   Section      129  ctype_o.o(.constdata)
    .constdata                               0x08004700   Section        4  ctype_o.o(.constdata)
    table                                    0x08004700   Data           4  ctype_o.o(.constdata)
    .conststring                             0x08004704   Section       87  main.o(.conststring)
    .data                                    0x20000000   Section       20  cjson.o(.data)
    global_error                             0x20000000   Data           8  cjson.o(.data)
    global_hooks                             0x20000008   Data          12  cjson.o(.data)
    .data                                    0x20000014   Section       88  main.o(.data)
    .data                                    0x2000006c   Section       12  stm32f4xx_hal.o(.data)
    .data                                    0x20000078   Section        4  system_stm32f4xx.o(.data)
    .data                                    0x2000007c   Section        4  rand.o(.data)
    _rand_state                              0x2000007c   Data           4  rand.o(.data)
    .data                                    0x20000080   Section        4  strtok.o(.data)
    state                                    0x20000080   Data           4  strtok.o(.data)
    .data                                    0x20000084   Section        4  stdout.o(.data)
    .data                                    0x20000088   Section        4  mvars.o(.data)
    .data                                    0x2000008c   Section        4  mvars.o(.data)
    .data                                    0x20000090   Section        4  errno.o(.data)
    _errno                                   0x20000090   Data           4  errno.o(.data)
    .bss                                     0x20000094   Section     1208  main.o(.bss)
    HEAP                                     0x20000550   Section      512  startup_stm32f411xe.o(HEAP)
    STACK                                    0x20000750   Section     1024  startup_stm32f411xe.o(STACK)

    Global Symbols

    Symbol Name                              Value     Ov Type        Size  Object(Section)

    BuildAttributes$$THM_ISAv4$E$P$D$K$B$S$7EM$VFPi3$EXTD16$VFPS$VFMA$PE$A:L22UL41UL21$X:L11$S22US41US21$IEEE1$IW$USESV6$~STKCKD$USESV7$~SHL$OTIME$ROPI$IEEEJ$EBA8$MICROLIB$REQ8$PRES8$EABIv2 0x00000000   Number         0  anon$$obj.o ABSOLUTE
    __ARM_use_no_argv                        0x00000000   Number         0  main.o ABSOLUTE
    _printf_a                                0x00000000   Number         0  stubs.o ABSOLUTE
    _printf_c                                0x00000000   Number         0  stubs.o ABSOLUTE
    _printf_charcount                        0x00000000   Number         0  stubs.o ABSOLUTE
    _printf_d                                0x00000000   Number         0  stubs.o ABSOLUTE
    _printf_e                                0x00000000   Number         0  stubs.o ABSOLUTE
    _printf_f                                0x00000000   Number         0  stubs.o ABSOLUTE
    _printf_flags                            0x00000000   Number         0  stubs.o ABSOLUTE
    _printf_fp_dec                           0x00000000   Number         0  stubs.o ABSOLUTE
    _printf_fp_hex                           0x00000000   Number         0  stubs.o ABSOLUTE
    _printf_g                                0x00000000   Number         0  stubs.o ABSOLUTE
    _printf_i                                0x00000000   Number         0  stubs.o ABSOLUTE
    _printf_int_dec                          0x00000000   Number         0  stubs.o ABSOLUTE
    _printf_l                                0x00000000   Number         0  stubs.o ABSOLUTE
    _printf_lc                               0x00000000   Number         0  stubs.o ABSOLUTE
    _printf_ll                               0x00000000   Number         0  stubs.o ABSOLUTE
    _printf_lld                              0x00000000   Number         0  stubs.o ABSOLUTE
    _printf_lli                              0x00000000   Number         0  stubs.o ABSOLUTE
    _printf_llo                              0x00000000   Number         0  stubs.o ABSOLUTE
    _printf_llu                              0x00000000   Number         0  stubs.o ABSOLUTE
    _printf_llx                              0x00000000   Number         0  stubs.o ABSOLUTE
    _printf_longlong_dec                     0x00000000   Number         0  stubs.o ABSOLUTE
    _printf_longlong_hex                     0x00000000   Number         0  stubs.o ABSOLUTE
    _printf_longlong_oct                     0x00000000   Number         0  stubs.o ABSOLUTE
    _printf_ls                               0x00000000   Number         0  stubs.o ABSOLUTE
    _printf_mbtowc                           0x00000000   Number         0  stubs.o ABSOLUTE
    _printf_n                                0x00000000   Number         0  stubs.o ABSOLUTE
    _printf_o                                0x00000000   Number         0  stubs.o ABSOLUTE
    _printf_p                                0x00000000   Number         0  stubs.o ABSOLUTE
    _printf_percent                          0x00000000   Number         0  stubs.o ABSOLUTE
    _printf_pre_padding                      0x00000000   Number         0  stubs.o ABSOLUTE
    _printf_return_value                     0x00000000   Number         0  stubs.o ABSOLUTE
    _printf_s                                0x00000000   Number         0  stubs.o ABSOLUTE
    _printf_sizespec                         0x00000000   Number         0  stubs.o ABSOLUTE
    _printf_str                              0x00000000   Number         0  stubs.o ABSOLUTE
    _printf_truncate_signed                  0x00000000   Number         0  stubs.o ABSOLUTE
    _printf_truncate_unsigned                0x00000000   Number         0  stubs.o ABSOLUTE
    _printf_u                                0x00000000   Number         0  stubs.o ABSOLUTE
    _printf_wc                               0x00000000   Number         0  stubs.o ABSOLUTE
    _printf_wctomb                           0x00000000   Number         0  stubs.o ABSOLUTE
    _printf_widthprec                        0x00000000   Number         0  stubs.o ABSOLUTE
    _printf_x                                0x00000000   Number         0  stubs.o ABSOLUTE
    __cpp_initialize__aeabi_                  - Undefined Weak Reference
    __cxa_finalize                            - Undefined Weak Reference
    __decompress                              - Undefined Weak Reference
    _clock_init                               - Undefined Weak Reference
    _microlib_exit                            - Undefined Weak Reference
    _scanf_int                                - Undefined Weak Reference
    _scanf_longlong                           - Undefined Weak Reference
    _scanf_string                             - Undefined Weak Reference
    __Vectors_Size                           0x00000198   Number         0  startup_stm32f411xe.o ABSOLUTE
    __Vectors                                0x08000000   Data           4  startup_stm32f411xe.o(RESET)
    __Vectors_End                            0x08000198   Data           0  startup_stm32f411xe.o(RESET)
    __main                                   0x08000199   Thumb Code     0  entry.o(.ARM.Collect$$$$00000000)
    _main_stk                                0x08000199   Thumb Code     0  entry2.o(.ARM.Collect$$$$00000001)
    _main_scatterload                        0x0800019d   Thumb Code     0  entry5.o(.ARM.Collect$$$$00000004)
    __main_after_scatterload                 0x080001a1   Thumb Code     0  entry5.o(.ARM.Collect$$$$00000004)
    _main_clock                              0x080001a1   Thumb Code     0  entry7b.o(.ARM.Collect$$$$00000008)
    _main_cpp_init                           0x080001a1   Thumb Code     0  entry8b.o(.ARM.Collect$$$$0000000A)
    _main_init                               0x080001a1   Thumb Code     0  entry9a.o(.ARM.Collect$$$$0000000B)
    __rt_final_cpp                           0x080001a9   Thumb Code     0  entry10a.o(.ARM.Collect$$$$0000000D)
    __rt_final_exit                          0x080001a9   Thumb Code     0  entry11a.o(.ARM.Collect$$$$0000000F)
    Reset_Handler                            0x080001ad   Thumb Code     8  startup_stm32f411xe.o(.text)
    ADC_IRQHandler                           0x080001c7   Thumb Code     0  startup_stm32f411xe.o(.text)
    DMA1_Stream0_IRQHandler                  0x080001c7   Thumb Code     0  startup_stm32f411xe.o(.text)
    DMA1_Stream1_IRQHandler                  0x080001c7   Thumb Code     0  startup_stm32f411xe.o(.text)
    DMA1_Stream2_IRQHandler                  0x080001c7   Thumb Code     0  startup_stm32f411xe.o(.text)
    DMA1_Stream3_IRQHandler                  0x080001c7   Thumb Code     0  startup_stm32f411xe.o(.text)
    DMA1_Stream4_IRQHandler                  0x080001c7   Thumb Code     0  startup_stm32f411xe.o(.text)
    DMA1_Stream5_IRQHandler                  0x080001c7   Thumb Code     0  startup_stm32f411xe.o(.text)
    DMA1_Stream6_IRQHandler                  0x080001c7   Thumb Code     0  startup_stm32f411xe.o(.text)
    DMA1_Stream7_IRQHandler                  0x080001c7   Thumb Code     0  startup_stm32f411xe.o(.text)
    DMA2_Stream0_IRQHandler                  0x080001c7   Thumb Code     0  startup_stm32f411xe.o(.text)
    DMA2_Stream1_IRQHandler                  0x080001c7   Thumb Code     0  startup_stm32f411xe.o(.text)
    DMA2_Stream2_IRQHandler                  0x080001c7   Thumb Code     0  startup_stm32f411xe.o(.text)
    DMA2_Stream3_IRQHandler                  0x080001c7   Thumb Code     0  startup_stm32f411xe.o(.text)
    DMA2_Stream4_IRQHandler                  0x080001c7   Thumb Code     0  startup_stm32f411xe.o(.text)
    DMA2_Stream5_IRQHandler                  0x080001c7   Thumb Code     0  startup_stm32f411xe.o(.text)
    DMA2_Stream6_IRQHandler                  0x080001c7   Thumb Code     0  startup_stm32f411xe.o(.text)
    DMA2_Stream7_IRQHandler                  0x080001c7   Thumb Code     0  startup_stm32f411xe.o(.text)
    EXTI0_IRQHandler                         0x080001c7   Thumb Code     0  startup_stm32f411xe.o(.text)
    EXTI15_10_IRQHandler                     0x080001c7   Thumb Code     0  startup_stm32f411xe.o(.text)
    EXTI1_IRQHandler                         0x080001c7   Thumb Code     0  startup_stm32f411xe.o(.text)
    EXTI2_IRQHandler                         0x080001c7   Thumb Code     0  startup_stm32f411xe.o(.text)
    EXTI3_IRQHandler                         0x080001c7   Thumb Code     0  startup_stm32f411xe.o(.text)
    EXTI4_IRQHandler                         0x080001c7   Thumb Code     0  startup_stm32f411xe.o(.text)
    EXTI9_5_IRQHandler                       0x080001c7   Thumb Code     0  startup_stm32f411xe.o(.text)
    FLASH_IRQHandler                         0x080001c7   Thumb Code     0  startup_stm32f411xe.o(.text)
    FPU_IRQHandler                           0x080001c7   Thumb Code     0  startup_stm32f411xe.o(.text)
    I2C1_ER_IRQHandler                       0x080001c7   Thumb Code     0  startup_stm32f411xe.o(.text)
    I2C1_EV_IRQHandler                       0x080001c7   Thumb Code     0  startup_stm32f411xe.o(.text)
    I2C2_ER_IRQHandler                       0x080001c7   Thumb Code     0  startup_stm32f411xe.o(.text)
    I2C2_EV_IRQHandler                       0x080001c7   Thumb Code     0  startup_stm32f411xe.o(.text)
    I2C3_ER_IRQHandler                       0x080001c7   Thumb Code     0  startup_stm32f411xe.o(.text)
    I2C3_EV_IRQHandler                       0x080001c7   Thumb Code     0  startup_stm32f411xe.o(.text)
    OTG_FS_IRQHandler                        0x080001c7   Thumb Code     0  startup_stm32f411xe.o(.text)
    OTG_FS_WKUP_IRQHandler                   0x080001c7   Thumb Code     0  startup_stm32f411xe.o(.text)
    PVD_IRQHandler                           0x080001c7   Thumb Code     0  startup_stm32f411xe.o(.text)
    RCC_IRQHandler                           0x080001c7   Thumb Code     0  startup_stm32f411xe.o(.text)
    RTC_Alarm_IRQHandler                     0x080001c7   Thumb Code     0  startup_stm32f411xe.o(.text)
    RTC_WKUP_IRQHandler                      0x080001c7   Thumb Code     0  startup_stm32f411xe.o(.text)
    SDIO_IRQHandler                          0x080001c7   Thumb Code     0  startup_stm32f411xe.o(.text)
    SPI1_IRQHandler                          0x080001c7   Thumb Code     0  startup_stm32f411xe.o(.text)
    SPI2_IRQHandler                          0x080001c7   Thumb Code     0  startup_stm32f411xe.o(.text)
    SPI3_IRQHandler                          0x080001c7   Thumb Code     0  startup_stm32f411xe.o(.text)
    SPI4_IRQHandler                          0x080001c7   Thumb Code     0  startup_stm32f411xe.o(.text)
    SPI5_IRQHandler                          0x080001c7   Thumb Code     0  startup_stm32f411xe.o(.text)
    TAMP_STAMP_IRQHandler                    0x080001c7   Thumb Code     0  startup_stm32f411xe.o(.text)
    TIM1_BRK_TIM9_IRQHandler                 0x080001c7   Thumb Code     0  startup_stm32f411xe.o(.text)
    TIM1_CC_IRQHandler                       0x080001c7   Thumb Code     0  startup_stm32f411xe.o(.text)
    TIM1_TRG_COM_TIM11_IRQHandler            0x080001c7   Thumb Code     0  startup_stm32f411xe.o(.text)
    TIM1_UP_TIM10_IRQHandler                 0x080001c7   Thumb Code     0  startup_stm32f411xe.o(.text)
    TIM2_IRQHandler                          0x080001c7   Thumb Code     0  startup_stm32f411xe.o(.text)
    TIM3_IRQHandler                          0x080001c7   Thumb Code     0  startup_stm32f411xe.o(.text)
    TIM4_IRQHandler                          0x080001c7   Thumb Code     0  startup_stm32f411xe.o(.text)
    TIM5_IRQHandler                          0x080001c7   Thumb Code     0  startup_stm32f411xe.o(.text)
    USART1_IRQHandler                        0x080001c7   Thumb Code     0  startup_stm32f411xe.o(.text)
    WWDG_IRQHandler                          0x080001c7   Thumb Code     0  startup_stm32f411xe.o(.text)
    __aeabi_uldivmod                         0x080001d1   Thumb Code    98  uldiv.o(.text)
    tolower                                  0x08000233   Thumb Code    12  tolower.o(.text)
    rand                                     0x08000241   Thumb Code    20  rand.o(.text)
    srand                                    0x08000255   Thumb Code     6  rand.o(.text)
    __aeabi_memcpy                           0x08000265   Thumb Code    36  memcpya.o(.text)
    __aeabi_memcpy4                          0x08000265   Thumb Code     0  memcpya.o(.text)
    __aeabi_memcpy8                          0x08000265   Thumb Code     0  memcpya.o(.text)
    __aeabi_memset                           0x08000289   Thumb Code    14  memseta.o(.text)
    __aeabi_memset4                          0x08000289   Thumb Code     0  memseta.o(.text)
    __aeabi_memset8                          0x08000289   Thumb Code     0  memseta.o(.text)
    __aeabi_memclr                           0x08000297   Thumb Code     4  memseta.o(.text)
    __aeabi_memclr4                          0x08000297   Thumb Code     0  memseta.o(.text)
    __aeabi_memclr8                          0x08000297   Thumb Code     0  memseta.o(.text)
    _memset$wrapper                          0x0800029b   Thumb Code    18  memseta.o(.text)
    strcat                                   0x080002ad   Thumb Code    24  strcat.o(.text)
    strstr                                   0x080002c5   Thumb Code    36  strstr.o(.text)
    strlen                                   0x080002e9   Thumb Code    14  strlen.o(.text)
    strcmp                                   0x080002f7   Thumb Code    28  strcmp.o(.text)
    strncmp                                  0x08000313   Thumb Code    30  strncmp.o(.text)
    strtok                                   0x08000331   Thumb Code    62  strtok.o(.text)
    _scanf_real                              0x0800049d   Thumb Code     0  scanf_fp.o(.text)
    _scanf_really_real                       0x0800049d   Thumb Code   556  scanf_fp.o(.text)
    atoi                                     0x080006d5   Thumb Code    26  atoi.o(.text)
    __aeabi_dadd                             0x080006ef   Thumb Code   322  dadd.o(.text)
    __aeabi_dsub                             0x08000831   Thumb Code     6  dadd.o(.text)
    __aeabi_drsub                            0x08000837   Thumb Code     6  dadd.o(.text)
    __aeabi_dmul                             0x0800083d   Thumb Code   228  dmul.o(.text)
    __aeabi_d2iz                             0x08000921   Thumb Code    62  dfixi.o(.text)
    __aeabi_d2uiz                            0x0800095f   Thumb Code    50  dfixui.o(.text)
    __aeabi_f2d                              0x08000991   Thumb Code    38  f2d.o(.text)
    __aeabi_cdcmpeq                          0x080009b9   Thumb Code     0  cdcmple.o(.text)
    __aeabi_cdcmple                          0x080009b9   Thumb Code    48  cdcmple.o(.text)
    __aeabi_cdrcmple                         0x080009e9   Thumb Code    48  cdrcmple.o(.text)
    __aeabi_uidiv                            0x08000a19   Thumb Code     0  uidiv.o(.text)
    __aeabi_uidivmod                         0x08000a19   Thumb Code    44  uidiv.o(.text)
    __aeabi_llsl                             0x08000a45   Thumb Code    30  llshl.o(.text)
    _ll_shift_l                              0x08000a45   Thumb Code     0  llshl.o(.text)
    __aeabi_llsr                             0x08000a63   Thumb Code    32  llushr.o(.text)
    _ll_ushift_r                             0x08000a63   Thumb Code     0  llushr.o(.text)
    __aeabi_lasr                             0x08000a83   Thumb Code    36  llsshr.o(.text)
    _ll_sshift_r                             0x08000a83   Thumb Code     0  llsshr.o(.text)
    _sgetc                                   0x08000aa7   Thumb Code    30  _sgetc.o(.text)
    _sbackspace                              0x08000ac5   Thumb Code    34  _sgetc.o(.text)
    __strtod_int                             0x08000b1f   Thumb Code    90  strtod.o(.text)
    strtol                                   0x08000b85   Thumb Code   112  strtol.o(.text)
    __I$use$fp                               0x08000bf5   Thumb Code     0  iusefp.o(.text)
    _double_round                            0x08000bf5   Thumb Code    30  depilogue.o(.text)
    _double_epilogue                         0x08000c13   Thumb Code   156  depilogue.o(.text)
    __aeabi_ddiv                             0x08000caf   Thumb Code   222  ddiv.o(.text)
    __aeabi_ul2d                             0x08000d8d   Thumb Code    24  dfltul.o(.text)
    __aeabi_d2ulz                            0x08000da5   Thumb Code    48  dfixul.o(.text)
    __aeabi_d2f                              0x08000dd5   Thumb Code    56  d2f.o(.text)
    __scatterload                            0x08000e0d   Thumb Code    28  init.o(.text)
    __scatterload_rt2                        0x08000e0d   Thumb Code     0  init.o(.text)
    __rt_ctype_table                         0x08000e31   Thumb Code     4  ctype_o.o(.text)
    isspace                                  0x08000e39   Thumb Code    18  isspace_o.o(.text)
    _strtoul                                 0x08000e4b   Thumb Code   158  _strtoul.o(.text)
    _float_round                             0x08000ee9   Thumb Code    18  fepilogue.o(.text)
    _float_epilogue                          0x08000efb   Thumb Code    92  fepilogue.o(.text)
    _chval                                   0x08000f57   Thumb Code    28  _chval.o(.text)
    BusFault_Handler                         0x08000f73   Thumb Code     2  stm32f4xx_it.o(i.BusFault_Handler)
    ConnectMQTT                              0x08000f75   Thumb Code   318  main.o(i.ConnectMQTT)
    DebugMon_Handler                         0x08001135   Thumb Code     2  stm32f4xx_it.o(i.DebugMon_Handler)
    HAL_DMA_Abort                            0x08001137   Thumb Code   146  stm32f4xx_hal_dma.o(i.HAL_DMA_Abort)
    HAL_DMA_Abort_IT                         0x080011c9   Thumb Code    36  stm32f4xx_hal_dma.o(i.HAL_DMA_Abort_IT)
    HAL_Delay                                0x080011ed   Thumb Code    32  stm32f4xx_hal.o(i.HAL_Delay)
    HAL_GPIO_Init                            0x08001211   Thumb Code   446  stm32f4xx_hal_gpio.o(i.HAL_GPIO_Init)
    HAL_GPIO_ReadPin                         0x080013f1   Thumb Code    10  stm32f4xx_hal_gpio.o(i.HAL_GPIO_ReadPin)
    HAL_GPIO_WritePin                        0x080013fb   Thumb Code    10  stm32f4xx_hal_gpio.o(i.HAL_GPIO_WritePin)
    HAL_GetTick                              0x08001405   Thumb Code     6  stm32f4xx_hal.o(i.HAL_GetTick)
    HAL_IncTick                              0x08001411   Thumb Code    12  stm32f4xx_hal.o(i.HAL_IncTick)
    HAL_Init                                 0x08001421   Thumb Code    48  stm32f4xx_hal.o(i.HAL_Init)
    HAL_InitTick                             0x08001455   Thumb Code    54  stm32f4xx_hal.o(i.HAL_InitTick)
    HAL_MspInit                              0x08001495   Thumb Code    42  stm32f4xx_hal_msp.o(i.HAL_MspInit)
    HAL_NVIC_EnableIRQ                       0x080014c5   Thumb Code    26  stm32f4xx_hal_cortex.o(i.HAL_NVIC_EnableIRQ)
    HAL_NVIC_SetPriority                     0x080014e1   Thumb Code    60  stm32f4xx_hal_cortex.o(i.HAL_NVIC_SetPriority)
    HAL_NVIC_SetPriorityGrouping             0x08001521   Thumb Code    26  stm32f4xx_hal_cortex.o(i.HAL_NVIC_SetPriorityGrouping)
    HAL_RCC_ClockConfig                      0x08001545   Thumb Code   288  stm32f4xx_hal_rcc.o(i.HAL_RCC_ClockConfig)
    HAL_RCC_GetPCLK1Freq                     0x08001679   Thumb Code    20  stm32f4xx_hal_rcc.o(i.HAL_RCC_GetPCLK1Freq)
    HAL_RCC_GetPCLK2Freq                     0x08001699   Thumb Code    20  stm32f4xx_hal_rcc.o(i.HAL_RCC_GetPCLK2Freq)
    HAL_RCC_GetSysClockFreq                  0x080016b9   Thumb Code    88  stm32f4xx_hal_rcc.o(i.HAL_RCC_GetSysClockFreq)
    HAL_RCC_OscConfig                        0x08001719   Thumb Code   856  stm32f4xx_hal_rcc.o(i.HAL_RCC_OscConfig)
    HAL_SYSTICK_Config                       0x08001a85   Thumb Code    40  stm32f4xx_hal_cortex.o(i.HAL_SYSTICK_Config)
    HAL_TIM_Base_Init                        0x08001aad   Thumb Code    90  stm32f4xx_hal_tim.o(i.HAL_TIM_Base_Init)
    HAL_TIM_Base_MspInit                     0x08001b09   Thumb Code    30  stm32f4xx_hal_msp.o(i.HAL_TIM_Base_MspInit)
    HAL_TIM_Base_Start                       0x08001b31   Thumb Code    78  stm32f4xx_hal_tim.o(i.HAL_TIM_Base_Start)
    HAL_TIM_ConfigClockSource                0x08001b95   Thumb Code   220  stm32f4xx_hal_tim.o(i.HAL_TIM_ConfigClockSource)
    HAL_UARTEx_RxEventCallback               0x08001c71   Thumb Code     2  stm32f4xx_hal_uart.o(i.HAL_UARTEx_RxEventCallback)
    HAL_UART_ErrorCallback                   0x08001c73   Thumb Code     2  stm32f4xx_hal_uart.o(i.HAL_UART_ErrorCallback)
    HAL_UART_IRQHandler                      0x08001c75   Thumb Code   610  stm32f4xx_hal_uart.o(i.HAL_UART_IRQHandler)
    HAL_UART_Init                            0x08001edd   Thumb Code    98  stm32f4xx_hal_uart.o(i.HAL_UART_Init)
    HAL_UART_MspInit                         0x08001f41   Thumb Code   186  stm32f4xx_hal_msp.o(i.HAL_UART_MspInit)
    HAL_UART_Receive_IT                      0x08002011   Thumb Code    42  stm32f4xx_hal_uart.o(i.HAL_UART_Receive_IT)
    HAL_UART_RxCpltCallback                  0x0800203d   Thumb Code    54  main.o(i.HAL_UART_RxCpltCallback)
    HAL_UART_Transmit                        0x08002081   Thumb Code   178  stm32f4xx_hal_uart.o(i.HAL_UART_Transmit)
    HAL_UART_TxCpltCallback                  0x08002133   Thumb Code     2  stm32f4xx_hal_uart.o(i.HAL_UART_TxCpltCallback)
    HardFault_Handler                        0x08002135   Thumb Code     2  stm32f4xx_it.o(i.HardFault_Handler)
    MemManage_Handler                        0x0800223d   Thumb Code     2  stm32f4xx_it.o(i.MemManage_Handler)
    NMI_Handler                              0x0800223f   Thumb Code     2  stm32f4xx_it.o(i.NMI_Handler)
    ParseJson                                0x08002241   Thumb Code   178  main.o(i.ParseJson)
    PendSV_Handler                           0x08002359   Thumb Code     2  stm32f4xx_it.o(i.PendSV_Handler)
    Received_AT_Commands_ESP                 0x0800235d   Thumb Code    16  main.o(i.Received_AT_Commands_ESP)
    Received_AT_Commands_ESP_MessagerMQTT    0x08002375   Thumb Code   156  main.o(i.Received_AT_Commands_ESP_MessagerMQTT)
    SVC_Handler                              0x08002499   Thumb Code     2  stm32f4xx_it.o(i.SVC_Handler)
    SendData                                 0x0800249d   Thumb Code   414  main.o(i.SendData)
    SendMQTT                                 0x080026d9   Thumb Code    54  main.o(i.SendMQTT)
    Send_AT_Commands_ConnectMQTT             0x08002715   Thumb Code   224  main.o(i.Send_AT_Commands_ConnectMQTT)
    Send_AT_Commands_SendMessager            0x0800286d   Thumb Code   228  main.o(i.Send_AT_Commands_SendMessager)
    Send_AT_Commands_Setting                 0x080029c5   Thumb Code   160  main.o(i.Send_AT_Commands_Setting)
    SettingESP                               0x08002ad5   Thumb Code   130  main.o(i.SettingESP)
    SysTick_Handler                          0x08002bd1   Thumb Code     4  stm32f4xx_it.o(i.SysTick_Handler)
    SystemClock_Config                       0x08002bd5   Thumb Code   134  main.o(i.SystemClock_Config)
    SystemInit                               0x08002c65   Thumb Code    12  system_stm32f4xx.o(i.SystemInit)
    TIM_Base_SetConfig                       0x08002c75   Thumb Code   122  stm32f4xx_hal_tim.o(i.TIM_Base_SetConfig)
    TIM_ETR_SetConfig                        0x08002d0d   Thumb Code    20  stm32f4xx_hal_tim.o(i.TIM_ETR_SetConfig)
    TinhTong                                 0x08002d79   Thumb Code    18  main.o(i.TinhTong)
    UART_Start_Receive_IT                    0x08002fbd   Thumb Code    54  stm32f4xx_hal_uart.o(i.UART_Start_Receive_IT)
    USART2_IRQHandler                        0x0800306d   Thumb Code     6  stm32f4xx_it.o(i.USART2_IRQHandler)
    USART6_IRQHandler                        0x08003079   Thumb Code     6  stm32f4xx_it.o(i.USART6_IRQHandler)
    UsageFault_Handler                       0x08003085   Thumb Code     2  stm32f4xx_it.o(i.UsageFault_Handler)
    __0printf                                0x08003089   Thumb Code    22  printfa.o(i.__0printf)
    __1printf                                0x08003089   Thumb Code     0  printfa.o(i.__0printf)
    __2printf                                0x08003089   Thumb Code     0  printfa.o(i.__0printf)
    __c89printf                              0x08003089   Thumb Code     0  printfa.o(i.__0printf)
    printf                                   0x08003089   Thumb Code     0  printfa.o(i.__0printf)
    __0snprintf                              0x080030a9   Thumb Code    44  printfa.o(i.__0snprintf)
    __1snprintf                              0x080030a9   Thumb Code     0  printfa.o(i.__0snprintf)
    __2snprintf                              0x080030a9   Thumb Code     0  printfa.o(i.__0snprintf)
    __c89snprintf                            0x080030a9   Thumb Code     0  printfa.o(i.__0snprintf)
    snprintf                                 0x080030a9   Thumb Code     0  printfa.o(i.__0snprintf)
    __0sprintf                               0x080030d9   Thumb Code    34  printfa.o(i.__0sprintf)
    __1sprintf                               0x080030d9   Thumb Code     0  printfa.o(i.__0sprintf)
    __2sprintf                               0x080030d9   Thumb Code     0  printfa.o(i.__0sprintf)
    __c89sprintf                             0x080030d9   Thumb Code     0  printfa.o(i.__0sprintf)
    sprintf                                  0x080030d9   Thumb Code     0  printfa.o(i.__0sprintf)
    __aeabi_errno_addr                       0x08003121   Thumb Code     4  errno.o(i.__aeabi_errno_addr)
    __rt_errno_addr                          0x08003121   Thumb Code     0  errno.o(i.__aeabi_errno_addr)
    free                                     0x08003129   Thumb Code    88  mallocr.o(i.__free$realloc)
    __hardfp_strtod                          0x08003189   Thumb Code    30  strtod.o(i.__hardfp_strtod)
    malloc                                   0x080031b1   Thumb Code    64  mallocr.o(i.__malloc$realloc)
    __scatterload_copy                       0x08003201   Thumb Code    14  handlers.o(i.__scatterload_copy)
    __scatterload_null                       0x0800320f   Thumb Code     2  handlers.o(i.__scatterload_null)
    __scatterload_zeroinit                   0x08003211   Thumb Code    14  handlers.o(i.__scatterload_zeroinit)
    _is_digit                                0x080033a5   Thumb Code    14  scanf_fp.o(i._is_digit)
    cJSON_Delete                             0x08003b35   Thumb Code    66  cjson.o(i.cJSON_Delete)
    cJSON_GetObjectItem                      0x08003b7d   Thumb Code     6  cjson.o(i.cJSON_GetObjectItem)
    cJSON_Parse                              0x08003b99   Thumb Code     8  cjson.o(i.cJSON_Parse)
    cJSON_ParseWithLengthOpts                0x08003ba1   Thumb Code   210  cjson.o(i.cJSON_ParseWithLengthOpts)
    cJSON_ParseWithOpts                      0x08003c7d   Thumb Code    34  cjson.o(i.cJSON_ParseWithOpts)
    chuongtrinhcambien                       0x08003ca1   Thumb Code   154  main.o(i.chuongtrinhcambien)
    clearResponse                            0x08003d55   Thumb Code    24  main.o(i.clearResponse)
    clearbuffer_UART_ESP                     0x08003d75   Thumb Code    24  main.o(i.clearbuffer_UART_ESP)
    delay_us                                 0x08003d95   Thumb Code    18  main.o(i.delay_us)
    dieukhienden                             0x08003dad   Thumb Code    18  main.o(i.dieukhienden)
    fputc                                    0x08003dc9   Thumb Code    20  main.o(i.fputc)
    main                                     0x08003ead   Thumb Code   218  main.o(i.main)
    realloc                                  0x08004529   Thumb Code   102  mallocr.o(i.realloc)
    AHBPrescTable                            0x08004666   Data          16  system_stm32f4xx.o(.constdata)
    APBPrescTable                            0x08004676   Data           8  system_stm32f4xx.o(.constdata)
    __ctype_table                            0x0800467e   Data         129  ctype_o.o(.constdata)
    Region$$Table$$Base                      0x0800475c   Number         0  anon$$obj.o(Region$$Table)
    Region$$Table$$Limit                     0x0800477c   Number         0  anon$$obj.o(Region$$Table)
    ErrorCode                                0x20000014   Data           1  main.o(.data)
    CheckConnect                             0x20000015   Data           1  main.o(.data)
    rx_data1                                 0x20000016   Data           1  main.o(.data)
    rx_index2                                0x20000017   Data           1  main.o(.data)
    rx_data2                                 0x20000018   Data           1  main.o(.data)
    ConfigAT                                 0x2000001c   Data           4  main.o(.data)
    last                                     0x20000020   Data           4  main.o(.data)
    NhietDo                                  0x20000024   Data           4  main.o(.data)
    Den1                                     0x20000028   Data           4  main.o(.data)
    X1                                       0x2000002c   Data           4  main.o(.data)
    X2                                       0x20000030   Data           4  main.o(.data)
    Tong                                     0x20000034   Data           4  main.o(.data)
    time                                     0x20000038   Data           4  main.o(.data)
    mqtt_server                              0x2000003c   Data           4  main.o(.data)
    mqtt_port                                0x20000040   Data           4  main.o(.data)
    mqtt_user                                0x20000044   Data           4  main.o(.data)
    mqtt_pass                                0x20000048   Data           4  main.o(.data)
    mqtt_sub                                 0x2000004c   Data           4  main.o(.data)
    mqtt_pub                                 0x20000050   Data           4  main.o(.data)
    str_json                                 0x20000054   Data           4  main.o(.data)
    str_Den1                                 0x20000058   Data           4  main.o(.data)
    str_X1                                   0x2000005c   Data           4  main.o(.data)
    str_X2                                   0x20000060   Data           4  main.o(.data)
    rx_indexResponse                         0x20000064   Data           4  main.o(.data)
    distance                                 0x20000068   Data           4  main.o(.data)
    uwTickFreq                               0x2000006c   Data           1  stm32f4xx_hal.o(.data)
    uwTickPrio                               0x20000070   Data           4  stm32f4xx_hal.o(.data)
    uwTick                                   0x20000074   Data           4  stm32f4xx_hal.o(.data)
    SystemCoreClock                          0x20000078   Data           4  system_stm32f4xx.o(.data)
    __stdout                                 0x20000084   Data           4  stdout.o(.data)
    __microlib_freelist                      0x20000088   Data           4  mvars.o(.data)
    __microlib_freelist_initialised          0x2000008c   Data           4  mvars.o(.data)
    htim9                                    0x20000094   Data          72  main.o(.bss)
    huart2                                   0x200000dc   Data          68  main.o(.bss)
    huart6                                   0x20000120   Data          68  main.o(.bss)
    rx_buffer2                               0x20000164   Data         500  main.o(.bss)
    ResponseRX                               0x20000358   Data         500  main.o(.bss)
    __heap_base                              0x20000550   Data           0  startup_stm32f411xe.o(HEAP)
    __heap_limit                             0x20000750   Data           0  startup_stm32f411xe.o(HEAP)
    __initial_sp                             0x20000b50   Data           0  startup_stm32f411xe.o(STACK)



==============================================================================

Memory Map of the image

  Image Entry point : 0x08000199

  Load Region LR_IROM1 (Base: 0x08000000, Size: 0x00004810, Max: 0x00080000, ABSOLUTE)

    Execution Region ER_IROM1 (Exec base: 0x08000000, Load base: 0x08000000, Size: 0x0000477c, Max: 0x00080000, ABSOLUTE)

    Exec Addr    Load Addr    Size         Type   Attr      Idx    E Section Name        Object

    0x08000000   0x08000000   0x00000198   Data   RO            3    RESET               startup_stm32f411xe.o
    0x08000198   0x08000198   0x00000000   Code   RO         3627  * .ARM.Collect$$$$00000000  mc_w.l(entry.o)
    0x08000198   0x08000198   0x00000004   Code   RO         3974    .ARM.Collect$$$$00000001  mc_w.l(entry2.o)
    0x0800019c   0x0800019c   0x00000004   Code   RO         3977    .ARM.Collect$$$$00000004  mc_w.l(entry5.o)
    0x080001a0   0x080001a0   0x00000000   Code   RO         3979    .ARM.Collect$$$$00000008  mc_w.l(entry7b.o)
    0x080001a0   0x080001a0   0x00000000   Code   RO         3981    .ARM.Collect$$$$0000000A  mc_w.l(entry8b.o)
    0x080001a0   0x080001a0   0x00000008   Code   RO         3982    .ARM.Collect$$$$0000000B  mc_w.l(entry9a.o)
    0x080001a8   0x080001a8   0x00000000   Code   RO         3984    .ARM.Collect$$$$0000000D  mc_w.l(entry10a.o)
    0x080001a8   0x080001a8   0x00000000   Code   RO         3986    .ARM.Collect$$$$0000000F  mc_w.l(entry11a.o)
    0x080001a8   0x080001a8   0x00000004   Code   RO         3975    .ARM.Collect$$$$00002712  mc_w.l(entry2.o)
    0x080001ac   0x080001ac   0x00000024   Code   RO            4    .text               startup_stm32f411xe.o
    0x080001d0   0x080001d0   0x00000062   Code   RO         3630    .text               mc_w.l(uldiv.o)
    0x08000232   0x08000232   0x0000000c   Code   RO         3632    .text               mc_w.l(tolower.o)
    0x0800023e   0x0800023e   0x00000002   PAD
    0x08000240   0x08000240   0x00000024   Code   RO         3634    .text               mc_w.l(rand.o)
    0x08000264   0x08000264   0x00000024   Code   RO         3637    .text               mc_w.l(memcpya.o)
    0x08000288   0x08000288   0x00000024   Code   RO         3639    .text               mc_w.l(memseta.o)
    0x080002ac   0x080002ac   0x00000018   Code   RO         3641    .text               mc_w.l(strcat.o)
    0x080002c4   0x080002c4   0x00000024   Code   RO         3643    .text               mc_w.l(strstr.o)
    0x080002e8   0x080002e8   0x0000000e   Code   RO         3645    .text               mc_w.l(strlen.o)
    0x080002f6   0x080002f6   0x0000001c   Code   RO         3647    .text               mc_w.l(strcmp.o)
    0x08000312   0x08000312   0x0000001e   Code   RO         3651    .text               mc_w.l(strncmp.o)
    0x08000330   0x08000330   0x00000044   Code   RO         3653    .text               mc_w.l(strtok.o)
    0x08000374   0x08000374   0x00000360   Code   RO         3952    .text               mc_w.l(scanf_fp.o)
    0x080006d4   0x080006d4   0x0000001a   Code   RO         3956    .text               mc_w.l(atoi.o)
    0x080006ee   0x080006ee   0x0000014e   Code   RO         3958    .text               mf_w.l(dadd.o)
    0x0800083c   0x0800083c   0x000000e4   Code   RO         3960    .text               mf_w.l(dmul.o)
    0x08000920   0x08000920   0x0000003e   Code   RO         3964    .text               mf_w.l(dfixi.o)
    0x0800095e   0x0800095e   0x00000032   Code   RO         3966    .text               mf_w.l(dfixui.o)
    0x08000990   0x08000990   0x00000026   Code   RO         3968    .text               mf_w.l(f2d.o)
    0x080009b6   0x080009b6   0x00000002   PAD
    0x080009b8   0x080009b8   0x00000030   Code   RO         3970    .text               mf_w.l(cdcmple.o)
    0x080009e8   0x080009e8   0x00000030   Code   RO         3972    .text               mf_w.l(cdrcmple.o)
    0x08000a18   0x08000a18   0x0000002c   Code   RO         3989    .text               mc_w.l(uidiv.o)
    0x08000a44   0x08000a44   0x0000001e   Code   RO         3991    .text               mc_w.l(llshl.o)
    0x08000a62   0x08000a62   0x00000020   Code   RO         3993    .text               mc_w.l(llushr.o)
    0x08000a82   0x08000a82   0x00000024   Code   RO         3995    .text               mc_w.l(llsshr.o)
    0x08000aa6   0x08000aa6   0x00000040   Code   RO         4008    .text               mc_w.l(_sgetc.o)
    0x08000ae6   0x08000ae6   0x00000002   PAD
    0x08000ae8   0x08000ae8   0x0000009c   Code   RO         4010    .text               mc_w.l(strtod.o)
    0x08000b84   0x08000b84   0x00000070   Code   RO         4012    .text               mc_w.l(strtol.o)
    0x08000bf4   0x08000bf4   0x00000000   Code   RO         4014    .text               mc_w.l(iusefp.o)
    0x08000bf4   0x08000bf4   0x000000ba   Code   RO         4015    .text               mf_w.l(depilogue.o)
    0x08000cae   0x08000cae   0x000000de   Code   RO         4017    .text               mf_w.l(ddiv.o)
    0x08000d8c   0x08000d8c   0x00000018   Code   RO         4019    .text               mf_w.l(dfltul.o)
    0x08000da4   0x08000da4   0x00000030   Code   RO         4021    .text               mf_w.l(dfixul.o)
    0x08000dd4   0x08000dd4   0x00000038   Code   RO         4023    .text               mf_w.l(d2f.o)
    0x08000e0c   0x08000e0c   0x00000024   Code   RO         4025    .text               mc_w.l(init.o)
    0x08000e30   0x08000e30   0x00000008   Code   RO         4029    .text               mc_w.l(ctype_o.o)
    0x08000e38   0x08000e38   0x00000012   Code   RO         4051    .text               mc_w.l(isspace_o.o)
    0x08000e4a   0x08000e4a   0x0000009e   Code   RO         4059    .text               mc_w.l(_strtoul.o)
    0x08000ee8   0x08000ee8   0x0000006e   Code   RO         4061    .text               mf_w.l(fepilogue.o)
    0x08000f56   0x08000f56   0x0000001c   Code   RO         4066    .text               mc_w.l(_chval.o)
    0x08000f72   0x08000f72   0x00000002   Code   RO          904    i.BusFault_Handler  stm32f4xx_it.o
    0x08000f74   0x08000f74   0x000001c0   Code   RO          635    i.ConnectMQTT       main.o
    0x08001134   0x08001134   0x00000002   Code   RO          905    i.DebugMon_Handler  stm32f4xx_it.o
    0x08001136   0x08001136   0x00000092   Code   RO         2529    i.HAL_DMA_Abort     stm32f4xx_hal_dma.o
    0x080011c8   0x080011c8   0x00000024   Code   RO         2530    i.HAL_DMA_Abort_IT  stm32f4xx_hal_dma.o
    0x080011ec   0x080011ec   0x00000024   Code   RO         2972    i.HAL_Delay         stm32f4xx_hal.o
    0x08001210   0x08001210   0x000001e0   Code   RO         2422    i.HAL_GPIO_Init     stm32f4xx_hal_gpio.o
    0x080013f0   0x080013f0   0x0000000a   Code   RO         2424    i.HAL_GPIO_ReadPin  stm32f4xx_hal_gpio.o
    0x080013fa   0x080013fa   0x0000000a   Code   RO         2426    i.HAL_GPIO_WritePin  stm32f4xx_hal_gpio.o
    0x08001404   0x08001404   0x0000000c   Code   RO         2978    i.HAL_GetTick       stm32f4xx_hal.o
    0x08001410   0x08001410   0x00000010   Code   RO         2984    i.HAL_IncTick       stm32f4xx_hal.o
    0x08001420   0x08001420   0x00000034   Code   RO         2985    i.HAL_Init          stm32f4xx_hal.o
    0x08001454   0x08001454   0x00000040   Code   RO         2986    i.HAL_InitTick      stm32f4xx_hal.o
    0x08001494   0x08001494   0x00000030   Code   RO          992    i.HAL_MspInit       stm32f4xx_hal_msp.o
    0x080014c4   0x080014c4   0x0000001a   Code   RO         2835    i.HAL_NVIC_EnableIRQ  stm32f4xx_hal_cortex.o
    0x080014de   0x080014de   0x00000002   PAD
    0x080014e0   0x080014e0   0x00000040   Code   RO         2841    i.HAL_NVIC_SetPriority  stm32f4xx_hal_cortex.o
    0x08001520   0x08001520   0x00000024   Code   RO         2842    i.HAL_NVIC_SetPriorityGrouping  stm32f4xx_hal_cortex.o
    0x08001544   0x08001544   0x00000134   Code   RO         2014    i.HAL_RCC_ClockConfig  stm32f4xx_hal_rcc.o
    0x08001678   0x08001678   0x00000020   Code   RO         2021    i.HAL_RCC_GetPCLK1Freq  stm32f4xx_hal_rcc.o
    0x08001698   0x08001698   0x00000020   Code   RO         2022    i.HAL_RCC_GetPCLK2Freq  stm32f4xx_hal_rcc.o
    0x080016b8   0x080016b8   0x00000060   Code   RO         2023    i.HAL_RCC_GetSysClockFreq  stm32f4xx_hal_rcc.o
    0x08001718   0x08001718   0x0000036c   Code   RO         2026    i.HAL_RCC_OscConfig  stm32f4xx_hal_rcc.o
    0x08001a84   0x08001a84   0x00000028   Code   RO         2846    i.HAL_SYSTICK_Config  stm32f4xx_hal_cortex.o
    0x08001aac   0x08001aac   0x0000005a   Code   RO         1042    i.HAL_TIM_Base_Init  stm32f4xx_hal_tim.o
    0x08001b06   0x08001b06   0x00000002   PAD
    0x08001b08   0x08001b08   0x00000028   Code   RO          994    i.HAL_TIM_Base_MspInit  stm32f4xx_hal_msp.o
    0x08001b30   0x08001b30   0x00000064   Code   RO         1045    i.HAL_TIM_Base_Start  stm32f4xx_hal_tim.o
    0x08001b94   0x08001b94   0x000000dc   Code   RO         1051    i.HAL_TIM_ConfigClockSource  stm32f4xx_hal_tim.o
    0x08001c70   0x08001c70   0x00000002   Code   RO         3234    i.HAL_UARTEx_RxEventCallback  stm32f4xx_hal_uart.o
    0x08001c72   0x08001c72   0x00000002   Code   RO         3248    i.HAL_UART_ErrorCallback  stm32f4xx_hal_uart.o
    0x08001c74   0x08001c74   0x00000268   Code   RO         3251    i.HAL_UART_IRQHandler  stm32f4xx_hal_uart.o
    0x08001edc   0x08001edc   0x00000062   Code   RO         3252    i.HAL_UART_Init     stm32f4xx_hal_uart.o
    0x08001f3e   0x08001f3e   0x00000002   PAD
    0x08001f40   0x08001f40   0x000000d0   Code   RO          996    i.HAL_UART_MspInit  stm32f4xx_hal_msp.o
    0x08002010   0x08002010   0x0000002a   Code   RO         3257    i.HAL_UART_Receive_IT  stm32f4xx_hal_uart.o
    0x0800203a   0x0800203a   0x00000002   PAD
    0x0800203c   0x0800203c   0x00000044   Code   RO          637    i.HAL_UART_RxCpltCallback  main.o
    0x08002080   0x08002080   0x000000b2   Code   RO         3260    i.HAL_UART_Transmit  stm32f4xx_hal_uart.o
    0x08002132   0x08002132   0x00000002   Code   RO         3263    i.HAL_UART_TxCpltCallback  stm32f4xx_hal_uart.o
    0x08002134   0x08002134   0x00000002   Code   RO          906    i.HardFault_Handler  stm32f4xx_it.o
    0x08002136   0x08002136   0x00000002   PAD
    0x08002138   0x08002138   0x000000b8   Code   RO          638    i.MX_GPIO_Init      main.o
    0x080021f0   0x080021f0   0x0000004c   Code   RO          639    i.MX_TIM9_Init      main.o
    0x0800223c   0x0800223c   0x00000002   Code   RO          907    i.MemManage_Handler  stm32f4xx_it.o
    0x0800223e   0x0800223e   0x00000002   Code   RO          908    i.NMI_Handler       stm32f4xx_it.o
    0x08002240   0x08002240   0x00000118   Code   RO          640    i.ParseJson         main.o
    0x08002358   0x08002358   0x00000002   Code   RO          909    i.PendSV_Handler    stm32f4xx_it.o
    0x0800235a   0x0800235a   0x00000002   PAD
    0x0800235c   0x0800235c   0x00000018   Code   RO          641    i.Received_AT_Commands_ESP  main.o
    0x08002374   0x08002374   0x00000124   Code   RO          642    i.Received_AT_Commands_ESP_MessagerMQTT  main.o
    0x08002498   0x08002498   0x00000002   Code   RO          910    i.SVC_Handler       stm32f4xx_it.o
    0x0800249a   0x0800249a   0x00000002   PAD
    0x0800249c   0x0800249c   0x0000023c   Code   RO          643    i.SendData          main.o
    0x080026d8   0x080026d8   0x0000003c   Code   RO          644    i.SendMQTT          main.o
    0x08002714   0x08002714   0x00000158   Code   RO          645    i.Send_AT_Commands_ConnectMQTT  main.o
    0x0800286c   0x0800286c   0x00000158   Code   RO          646    i.Send_AT_Commands_SendMessager  main.o
    0x080029c4   0x080029c4   0x00000110   Code   RO          647    i.Send_AT_Commands_Setting  main.o
    0x08002ad4   0x08002ad4   0x000000fc   Code   RO          648    i.SettingESP        main.o
    0x08002bd0   0x08002bd0   0x00000004   Code   RO          911    i.SysTick_Handler   stm32f4xx_it.o
    0x08002bd4   0x08002bd4   0x00000090   Code   RO          649    i.SystemClock_Config  main.o
    0x08002c64   0x08002c64   0x00000010   Code   RO         3581    i.SystemInit        system_stm32f4xx.o
    0x08002c74   0x08002c74   0x00000098   Code   RO         1135    i.TIM_Base_SetConfig  stm32f4xx_hal_tim.o
    0x08002d0c   0x08002d0c   0x00000014   Code   RO         1146    i.TIM_ETR_SetConfig  stm32f4xx_hal_tim.o
    0x08002d20   0x08002d20   0x00000010   Code   RO         1147    i.TIM_ITRx_SetConfig  stm32f4xx_hal_tim.o
    0x08002d30   0x08002d30   0x00000022   Code   RO         1153    i.TIM_TI1_ConfigInputStage  stm32f4xx_hal_tim.o
    0x08002d52   0x08002d52   0x00000024   Code   RO         1155    i.TIM_TI2_ConfigInputStage  stm32f4xx_hal_tim.o
    0x08002d76   0x08002d76   0x00000002   PAD
    0x08002d78   0x08002d78   0x00000018   Code   RO          650    i.TinhTong          main.o
    0x08002d90   0x08002d90   0x00000010   Code   RO         3265    i.UART_DMAAbortOnError  stm32f4xx_hal_uart.o
    0x08002da0   0x08002da0   0x0000004e   Code   RO         3275    i.UART_EndRxTransfer  stm32f4xx_hal_uart.o
    0x08002dee   0x08002dee   0x000000c0   Code   RO         3277    i.UART_Receive_IT   stm32f4xx_hal_uart.o
    0x08002eae   0x08002eae   0x00000002   PAD
    0x08002eb0   0x08002eb0   0x0000010c   Code   RO         3278    i.UART_SetConfig    stm32f4xx_hal_uart.o
    0x08002fbc   0x08002fbc   0x00000036   Code   RO         3280    i.UART_Start_Receive_IT  stm32f4xx_hal_uart.o
    0x08002ff2   0x08002ff2   0x00000078   Code   RO         3281    i.UART_WaitOnFlagUntilTimeout  stm32f4xx_hal_uart.o
    0x0800306a   0x0800306a   0x00000002   PAD
    0x0800306c   0x0800306c   0x0000000c   Code   RO          912    i.USART2_IRQHandler  stm32f4xx_it.o
    0x08003078   0x08003078   0x0000000c   Code   RO          913    i.USART6_IRQHandler  stm32f4xx_it.o
    0x08003084   0x08003084   0x00000002   Code   RO          914    i.UsageFault_Handler  stm32f4xx_it.o
    0x08003086   0x08003086   0x00000002   PAD
    0x08003088   0x08003088   0x00000020   Code   RO         3894    i.__0printf         mc_w.l(printfa.o)
    0x080030a8   0x080030a8   0x00000030   Code   RO         3895    i.__0snprintf       mc_w.l(printfa.o)
    0x080030d8   0x080030d8   0x00000028   Code   RO         3896    i.__0sprintf        mc_w.l(printfa.o)
    0x08003100   0x08003100   0x00000020   Code   RO         2848    i.__NVIC_SetPriority  stm32f4xx_hal_cortex.o
    0x08003120   0x08003120   0x00000008   Code   RO         3999    i.__aeabi_errno_addr  mc_w.l(errno.o)
    0x08003128   0x08003128   0x0000005c   Code   RO         3926    i.__free$realloc    mc_w.l(mallocr.o)
    0x08003184   0x08003184   0x00000004   PAD
    0x08003188   0x08003188   0x00000028   Code   RO         3621    i.__hardfp_strtod   m_wm.l(strtod.o)
    0x080031b0   0x080031b0   0x00000050   Code   RO         3927    i.__malloc$realloc  mc_w.l(mallocr.o)
    0x08003200   0x08003200   0x0000000e   Code   RO         4070    i.__scatterload_copy  mc_w.l(handlers.o)
    0x0800320e   0x0800320e   0x00000002   Code   RO         4071    i.__scatterload_null  mc_w.l(handlers.o)
    0x08003210   0x08003210   0x0000000e   Code   RO         4072    i.__scatterload_zeroinit  mc_w.l(handlers.o)
    0x0800321e   0x0800321e   0x00000002   PAD
    0x08003220   0x08003220   0x00000184   Code   RO         3901    i._fp_digits        mc_w.l(printfa.o)
    0x080033a4   0x080033a4   0x0000000e   Code   RO         3954    i._is_digit         mc_w.l(scanf_fp.o)
    0x080033b2   0x080033b2   0x00000002   PAD
    0x080033b4   0x080033b4   0x000006dc   Code   RO         3902    i._printf_core      mc_w.l(printfa.o)
    0x08003a90   0x08003a90   0x00000024   Code   RO         3903    i._printf_post_padding  mc_w.l(printfa.o)
    0x08003ab4   0x08003ab4   0x0000002e   Code   RO         3904    i._printf_pre_padding  mc_w.l(printfa.o)
    0x08003ae2   0x08003ae2   0x00000016   Code   RO         3905    i._snputc           mc_w.l(printfa.o)
    0x08003af8   0x08003af8   0x0000000a   Code   RO         3906    i._sputc            mc_w.l(printfa.o)
    0x08003b02   0x08003b02   0x00000030   Code   RO           12    i.buffer_skip_whitespace  cjson.o
    0x08003b32   0x08003b32   0x00000002   PAD
    0x08003b34   0x08003b34   0x00000048   Code   RO           44    i.cJSON_Delete      cjson.o
    0x08003b7c   0x08003b7c   0x00000006   Code   RO           57    i.cJSON_GetObjectItem  cjson.o
    0x08003b82   0x08003b82   0x00000016   Code   RO           74    i.cJSON_New_Item    cjson.o
    0x08003b98   0x08003b98   0x00000008   Code   RO           75    i.cJSON_Parse       cjson.o
    0x08003ba0   0x08003ba0   0x000000dc   Code   RO           77    i.cJSON_ParseWithLengthOpts  cjson.o
    0x08003c7c   0x08003c7c   0x00000022   Code   RO           78    i.cJSON_ParseWithOpts  cjson.o
    0x08003c9e   0x08003c9e   0x00000002   PAD
    0x08003ca0   0x08003ca0   0x000000b4   Code   RO          651    i.chuongtrinhcambien  main.o
    0x08003d54   0x08003d54   0x00000020   Code   RO          652    i.clearResponse     main.o
    0x08003d74   0x08003d74   0x00000020   Code   RO          653    i.clearbuffer_UART_ESP  main.o
    0x08003d94   0x08003d94   0x00000018   Code   RO          654    i.delay_us          main.o
    0x08003dac   0x08003dac   0x0000001c   Code   RO          655    i.dieukhienden      main.o
    0x08003dc8   0x08003dc8   0x00000018   Code   RO          656    i.fputc             main.o
    0x08003de0   0x08003de0   0x0000007a   Code   RO           97    i.get_object_item   cjson.o
    0x08003e5a   0x08003e5a   0x00000002   PAD
    0x08003e5c   0x08003e5c   0x00000050   Code   RO         3928    i.internal_alloc    mc_w.l(mallocr.o)
    0x08003eac   0x08003eac   0x00000158   Code   RO          657    i.main              main.o
    0x08004004   0x08004004   0x000000d0   Code   RO           99    i.parse_array       cjson.o
    0x080040d4   0x080040d4   0x00000040   Code   RO          100    i.parse_hex4        cjson.o
    0x08004114   0x08004114   0x00000100   Code   RO          101    i.parse_number      cjson.o
    0x08004214   0x08004214   0x0000010a   Code   RO          102    i.parse_object      cjson.o
    0x0800431e   0x0800431e   0x0000010c   Code   RO          103    i.parse_string      cjson.o
    0x0800442a   0x0800442a   0x00000002   PAD
    0x0800442c   0x0800442c   0x000000fc   Code   RO          104    i.parse_value       cjson.o
    0x08004528   0x08004528   0x0000006c   Code   RO         3929    i.realloc           mc_w.l(mallocr.o)
    0x08004594   0x08004594   0x000000d2   Code   RO          113    i.utf16_literal_to_utf8  cjson.o
    0x08004666   0x08004666   0x00000010   Data   RO         3582    .constdata          system_stm32f4xx.o
    0x08004676   0x08004676   0x00000008   Data   RO         3583    .constdata          system_stm32f4xx.o
    0x0800467e   0x0800467e   0x00000081   Data   RO         4030    .constdata          mc_w.l(ctype_o.o)
    0x080046ff   0x080046ff   0x00000001   PAD
    0x08004700   0x08004700   0x00000004   Data   RO         4031    .constdata          mc_w.l(ctype_o.o)
    0x08004704   0x08004704   0x00000057   Data   RO          661    .conststring        main.o
    0x0800475b   0x0800475b   0x00000001   PAD
    0x0800475c   0x0800475c   0x00000020   Data   RO         4068    Region$$Table       anon$$obj.o


    Execution Region RW_IRAM1 (Exec base: 0x20000000, Load base: 0x0800477c, Size: 0x00000b50, Max: 0x00020000, ABSOLUTE)

    Exec Addr    Load Addr    Size         Type   Attr      Idx    E Section Name        Object

    0x20000000   0x0800477c   0x00000014   Data   RW          115    .data               cjson.o
    0x20000014   0x08004790   0x00000058   Data   RW          662    .data               main.o
    0x2000006c   0x080047e8   0x0000000c   Data   RW         2992    .data               stm32f4xx_hal.o
    0x20000078   0x080047f4   0x00000004   Data   RW         3584    .data               system_stm32f4xx.o
    0x2000007c   0x080047f8   0x00000004   Data   RW         3635    .data               mc_w.l(rand.o)
    0x20000080   0x080047fc   0x00000004   Data   RW         3654    .data               mc_w.l(strtok.o)
    0x20000084   0x08004800   0x00000004   Data   RW         3988    .data               mc_w.l(stdout.o)
    0x20000088   0x08004804   0x00000004   Data   RW         3997    .data               mc_w.l(mvars.o)
    0x2000008c   0x08004808   0x00000004   Data   RW         3998    .data               mc_w.l(mvars.o)
    0x20000090   0x0800480c   0x00000004   Data   RW         4002    .data               mc_w.l(errno.o)
    0x20000094        -       0x000004b8   Zero   RW          658    .bss                main.o
    0x2000054c   0x08004810   0x00000004   PAD
    0x20000550        -       0x00000200   Zero   RW            2    HEAP                startup_stm32f411xe.o
    0x20000750        -       0x00000400   Zero   RW            1    STACK               startup_stm32f411xe.o


==============================================================================

Image component sizes


      Code (inc. data)   RO Data    RW Data    ZI Data      Debug   Object Name

      2056         68          0         20          0      19952   cjson.o
      4048       1250         87         88       1208     436395   main.o
        36          8        408          0       1536        832   startup_stm32f411xe.o
       180         28          0         12          0       9249   stm32f4xx_hal.o
       198         14          0          0          0      33927   stm32f4xx_hal_cortex.o
       182          0          0          0          0       2087   stm32f4xx_hal_dma.o
       500         34          0          0          0       2815   stm32f4xx_hal_gpio.o
       296         38          0          0          0       2316   stm32f4xx_hal_msp.o
      1344         72          0          0          0       5216   stm32f4xx_hal_rcc.o
       668         52          0          0          0       6908   stm32f4xx_hal_tim.o
      1668         16          0          0          0      11308   stm32f4xx_hal_uart.o
        44         12          0          0          0       5070   stm32f4xx_it.o
        16          4         24          4          0       1115   system_stm32f4xx.o

    ----------------------------------------------------------------------
     11266       1596        552        124       2748     537190   Object Totals
         0          0         32          0          0          0   (incl. Generated)
        30          0          1          0          4          0   (incl. Padding)

    ----------------------------------------------------------------------

      Code (inc. data)   RO Data    RW Data    ZI Data      Debug   Library Member Name

        40         10          0          0          0        128   strtod.o
        28          0          0          0          0         68   _chval.o
        64          0          0          0          0         84   _sgetc.o
       158          0          0          0          0         92   _strtoul.o
        26          0          0          0          0         80   atoi.o
         8          4        133          0          0         68   ctype_o.o
         0          0          0          0          0          0   entry.o
         0          0          0          0          0          0   entry10a.o
         0          0          0          0          0          0   entry11a.o
         8          4          0          0          0          0   entry2.o
         4          0          0          0          0          0   entry5.o
         0          0          0          0          0          0   entry7b.o
         0          0          0          0          0          0   entry8b.o
         8          4          0          0          0          0   entry9a.o
         8          4          0          4          0         68   errno.o
        30          0          0          0          0          0   handlers.o
        36          8          0          0          0         68   init.o
        18          0          0          0          0         76   isspace_o.o
         0          0          0          0          0          0   iusefp.o
        30          0          0          0          0         68   llshl.o
        36          0          0          0          0         68   llsshr.o
        32          0          0          0          0         68   llushr.o
       360         30          0          0          0        356   mallocr.o
        36          0          0          0          0         68   memcpya.o
        36          0          0          0          0        108   memseta.o
         0          0          0          8          0          0   mvars.o
      2378        100          0          0          0        756   printfa.o
        36         10          0          4          0        136   rand.o
       878         12          0          0          0        216   scanf_fp.o
         0          0          0          4          0          0   stdout.o
        24          0          0          0          0         68   strcat.o
        28          0          0          0          0         76   strcmp.o
        14          0          0          0          0         68   strlen.o
        30          0          0          0          0         80   strncmp.o
        36          0          0          0          0         80   strstr.o
       156         12          0          0          0        120   strtod.o
        68          6          0          4          0         80   strtok.o
       112          0          0          0          0         88   strtol.o
        12          0          0          0          0         68   tolower.o
        44          0          0          0          0         80   uidiv.o
        98          0          0          0          0         92   uldiv.o
        48          0          0          0          0         68   cdcmple.o
        48          0          0          0          0         68   cdrcmple.o
        56          0          0          0          0         88   d2f.o
       334          0          0          0          0        148   dadd.o
       222          0          0          0          0        100   ddiv.o
       186          0          0          0          0        176   depilogue.o
        62          0          0          0          0         80   dfixi.o
        50          0          0          0          0         76   dfixui.o
        48          0          0          0          0         68   dfixul.o
        24          0          0          0          0         76   dfltul.o
       228          0          0          0          0         96   dmul.o
        38          0          0          0          0         68   f2d.o
       110          0          0          0          0        168   fepilogue.o

    ----------------------------------------------------------------------
      6348        208        134         24          0       4756   Library Totals
        14          4          1          0          0          0   (incl. Padding)

    ----------------------------------------------------------------------

      Code (inc. data)   RO Data    RW Data    ZI Data      Debug   Library Name

        40         10          0          0          0        128   m_wm.l
      4840        194        133         24          0       3348   mc_w.l
      1454          0          0          0          0       1280   mf_w.l

    ----------------------------------------------------------------------
      6348        208        134         24          0       4756   Library Totals

    ----------------------------------------------------------------------

==============================================================================


      Code (inc. data)   RO Data    RW Data    ZI Data      Debug   

     17614       1804        686        148       2748     530850   Grand Totals
     17614       1804        686        148       2748     530850   ELF Image Totals
     17614       1804        686        148          0          0   ROM Totals

==============================================================================

    Total RO  Size (Code + RO Data)                18300 (  17.87kB)
    Total RW  Size (RW Data + ZI Data)              2896 (   2.83kB)
    Total ROM Size (Code + RO Data + RW Data)      18448 (  18.02kB)

==============================================================================

